../User/w25qxx/w25qxx.c:15:6:W25QXX_Init	16	static
../User/w25qxx/w25qxx.c:49:9:W25QXX_ReadSR	24	static
../User/w25qxx/w25qxx.c:76:6:W25QXX_Write_SR	24	static
../User/w25qxx/w25qxx.c:102:6:W25QXX_Write_Enable	8	static
../User/w25qxx/w25qxx.c:112:6:W25QXX_Write_Disable	8	static
../User/w25qxx/w25qxx.c:127:10:W25QXX_ReadID	16	static
../User/w25qxx/w25qxx.c:147:6:W25QXX_Read	40	static
../User/w25qxx/w25qxx.c:172:6:W25QXX_Write_Page	32	static
../User/w25qxx/w25qxx.c:202:6:W25QXX_Write_NoCheck	32	static
../User/w25qxx/w25qxx.c:231:6:W25QXX_Write	40	static
../User/w25qxx/w25qxx.c:279:6:W25QXX_Erase_Chip	8	static
../User/w25qxx/w25qxx.c:293:6:W25QXX_Erase_Sector	16	static
../User/w25qxx/w25qxx.c:314:6:W25QXX_Wait_Busy	8	static
