Archive member included to satisfy reference by file (symbol)

e:/sortware/stmicroelectronics/stm32cube/stm32cubeide_1.11.2/stm32cubeide/plugins/com.st.stm32cube.ide.mcu.externaltools.gnu-tools-for-stm32.10.3-2021.10.win32_1.0.100.202210260954/tools/bin/../lib/gcc/arm-none-eabi/10.3.1/../../../../arm-none-eabi/lib/thumb/v7e-m+fp/hard\libc_nano.a(lib_a-errno.o)
                              ./Core/Src/syscalls.o (__errno)
e:/sortware/stmicroelectronics/stm32cube/stm32cubeide_1.11.2/stm32cubeide/plugins/com.st.stm32cube.ide.mcu.externaltools.gnu-tools-for-stm32.10.3-2021.10.win32_1.0.100.202210260954/tools/bin/../lib/gcc/arm-none-eabi/10.3.1/../../../../arm-none-eabi/lib/thumb/v7e-m+fp/hard\libc_nano.a(lib_a-exit.o)
                              e:/sortware/stmicroelectronics/stm32cube/stm32cubeide_1.11.2/stm32cubeide/plugins/com.st.stm32cube.ide.mcu.externaltools.gnu-tools-for-stm32.10.3-2021.10.win32_1.0.100.202210260954/tools/bin/../lib/gcc/arm-none-eabi/10.3.1/../../../../arm-none-eabi/lib/thumb/v7e-m+fp/hard/crt0.o (exit)
e:/sortware/stmicroelectronics/stm32cube/stm32cubeide_1.11.2/stm32cubeide/plugins/com.st.stm32cube.ide.mcu.externaltools.gnu-tools-for-stm32.10.3-2021.10.win32_1.0.100.202210260954/tools/bin/../lib/gcc/arm-none-eabi/10.3.1/../../../../arm-none-eabi/lib/thumb/v7e-m+fp/hard\libc_nano.a(lib_a-impure.o)
                              e:/sortware/stmicroelectronics/stm32cube/stm32cubeide_1.11.2/stm32cubeide/plugins/com.st.stm32cube.ide.mcu.externaltools.gnu-tools-for-stm32.10.3-2021.10.win32_1.0.100.202210260954/tools/bin/../lib/gcc/arm-none-eabi/10.3.1/../../../../arm-none-eabi/lib/thumb/v7e-m+fp/hard\libc_nano.a(lib_a-exit.o) (_global_impure_ptr)
e:/sortware/stmicroelectronics/stm32cube/stm32cubeide_1.11.2/stm32cubeide/plugins/com.st.stm32cube.ide.mcu.externaltools.gnu-tools-for-stm32.10.3-2021.10.win32_1.0.100.202210260954/tools/bin/../lib/gcc/arm-none-eabi/10.3.1/../../../../arm-none-eabi/lib/thumb/v7e-m+fp/hard\libc_nano.a(lib_a-init.o)
                              e:/sortware/stmicroelectronics/stm32cube/stm32cubeide_1.11.2/stm32cubeide/plugins/com.st.stm32cube.ide.mcu.externaltools.gnu-tools-for-stm32.10.3-2021.10.win32_1.0.100.202210260954/tools/bin/../lib/gcc/arm-none-eabi/10.3.1/../../../../arm-none-eabi/lib/thumb/v7e-m+fp/hard/crt0.o (__libc_init_array)
e:/sortware/stmicroelectronics/stm32cube/stm32cubeide_1.11.2/stm32cubeide/plugins/com.st.stm32cube.ide.mcu.externaltools.gnu-tools-for-stm32.10.3-2021.10.win32_1.0.100.202210260954/tools/bin/../lib/gcc/arm-none-eabi/10.3.1/../../../../arm-none-eabi/lib/thumb/v7e-m+fp/hard\libc_nano.a(lib_a-memset.o)
                              e:/sortware/stmicroelectronics/stm32cube/stm32cubeide_1.11.2/stm32cubeide/plugins/com.st.stm32cube.ide.mcu.externaltools.gnu-tools-for-stm32.10.3-2021.10.win32_1.0.100.202210260954/tools/bin/../lib/gcc/arm-none-eabi/10.3.1/../../../../arm-none-eabi/lib/thumb/v7e-m+fp/hard/crt0.o (memset)
e:/sortware/stmicroelectronics/stm32cube/stm32cubeide_1.11.2/stm32cubeide/plugins/com.st.stm32cube.ide.mcu.externaltools.gnu-tools-for-stm32.10.3-2021.10.win32_1.0.100.202210260954/tools/bin/../lib/gcc/arm-none-eabi/10.3.1/thumb/v7e-m+fp/hard\libgcc.a(_aeabi_uldivmod.o)
                              ./Drivers/STM32F4xx_HAL_Driver/Src/stm32f4xx_hal_rcc.o (__aeabi_uldivmod)
e:/sortware/stmicroelectronics/stm32cube/stm32cubeide_1.11.2/stm32cubeide/plugins/com.st.stm32cube.ide.mcu.externaltools.gnu-tools-for-stm32.10.3-2021.10.win32_1.0.100.202210260954/tools/bin/../lib/gcc/arm-none-eabi/10.3.1/thumb/v7e-m+fp/hard\libgcc.a(_udivmoddi4.o)
                              e:/sortware/stmicroelectronics/stm32cube/stm32cubeide_1.11.2/stm32cubeide/plugins/com.st.stm32cube.ide.mcu.externaltools.gnu-tools-for-stm32.10.3-2021.10.win32_1.0.100.202210260954/tools/bin/../lib/gcc/arm-none-eabi/10.3.1/thumb/v7e-m+fp/hard\libgcc.a(_aeabi_uldivmod.o) (__udivmoddi4)
e:/sortware/stmicroelectronics/stm32cube/stm32cubeide_1.11.2/stm32cubeide/plugins/com.st.stm32cube.ide.mcu.externaltools.gnu-tools-for-stm32.10.3-2021.10.win32_1.0.100.202210260954/tools/bin/../lib/gcc/arm-none-eabi/10.3.1/thumb/v7e-m+fp/hard\libgcc.a(_dvmd_tls.o)
                              e:/sortware/stmicroelectronics/stm32cube/stm32cubeide_1.11.2/stm32cubeide/plugins/com.st.stm32cube.ide.mcu.externaltools.gnu-tools-for-stm32.10.3-2021.10.win32_1.0.100.202210260954/tools/bin/../lib/gcc/arm-none-eabi/10.3.1/thumb/v7e-m+fp/hard\libgcc.a(_aeabi_uldivmod.o) (__aeabi_ldiv0)

Discarded input sections

 .text          0x0000000000000000        0x0 e:/sortware/stmicroelectronics/stm32cube/stm32cubeide_1.11.2/stm32cubeide/plugins/com.st.stm32cube.ide.mcu.externaltools.gnu-tools-for-stm32.10.3-2021.10.win32_1.0.100.202210260954/tools/bin/../lib/gcc/arm-none-eabi/10.3.1/thumb/v7e-m+fp/hard/crti.o
[...]
Memory Configuration

Name             Origin             Length             Attributes
CCMRAM           0x0000000010000000 0x0000000000010000 xrw
RAM              0x0000000020000000 0x0000000000020000 xrw
FLASH            0x0000000008000000 0x0000000000080000 xr
*default*        0x0000000000000000 0xffffffffffffffff

Linker script and memory map

LOAD e:/sortware/stmicroelectronics/stm32cube/stm32cubeide_1.11.2/stm32cubeide/plugins/com.st.stm32cube.ide.mcu.externaltools.gnu-tools-for-stm32.10.3-2021.10.win32_1.0.100.202210260954/tools/bin/../lib/gcc/arm-none-eabi/10.3.1/thumb/v7e-m+fp/hard/crti.o
LOAD e:/sortware/stmicroelectronics/stm32cube/stm32cubeide_1.11.2/stm32cubeide/plugins/com.st.stm32cube.ide.mcu.externaltools.gnu-tools-for-stm32.10.3-2021.10.win32_1.0.100.202210260954/tools/bin/../lib/gcc/arm-none-eabi/10.3.1/thumb/v7e-m+fp/hard/crtbegin.o
LOAD e:/sortware/stmicroelectronics/stm32cube/stm32cubeide_1.11.2/stm32cubeide/plugins/com.st.stm32cube.ide.mcu.externaltools.gnu-tools-for-stm32.10.3-2021.10.win32_1.0.100.202210260954/tools/bin/../lib/gcc/arm-none-eabi/10.3.1/../../../../arm-none-eabi/lib/thumb/v7e-m+fp/hard/crt0.o
LOAD ./Bsp/bsp_beep/bsp_beep.o
LOAD ./Bsp/bsp_power/bsp_power.o
LOAD ./Core/Src/gpio.o
LOAD ./Core/Src/main.o
LOAD ./Core/Src/stm32f4xx_hal_msp.o
LOAD ./Core/Src/stm32f4xx_it.o
LOAD ./Core/Src/syscalls.o
LOAD ./Core/Src/sysmem.o
LOAD ./Core/Src/system_stm32f4xx.o
LOAD ./Core/Startup/startup_stm32f407zetx.o
LOAD ./Drivers/STM32F4xx_HAL_Driver/Src/stm32f4xx_hal.o
LOAD ./Drivers/STM32F4xx_HAL_Driver/Src/stm32f4xx_hal_cortex.o
LOAD ./Drivers/STM32F4xx_HAL_Driver/Src/stm32f4xx_hal_dma.o
LOAD ./Drivers/STM32F4xx_HAL_Driver/Src/stm32f4xx_hal_dma_ex.o
LOAD ./Drivers/STM32F4xx_HAL_Driver/Src/stm32f4xx_hal_exti.o
LOAD ./Drivers/STM32F4xx_HAL_Driver/Src/stm32f4xx_hal_flash.o
LOAD ./Drivers/STM32F4xx_HAL_Driver/Src/stm32f4xx_hal_flash_ex.o
LOAD ./Drivers/STM32F4xx_HAL_Driver/Src/stm32f4xx_hal_flash_ramfunc.o
LOAD ./Drivers/STM32F4xx_HAL_Driver/Src/stm32f4xx_hal_gpio.o
LOAD ./Drivers/STM32F4xx_HAL_Driver/Src/stm32f4xx_hal_pwr.o
LOAD ./Drivers/STM32F4xx_HAL_Driver/Src/stm32f4xx_hal_pwr_ex.o
LOAD ./Drivers/STM32F4xx_HAL_Driver/Src/stm32f4xx_hal_rcc.o
LOAD ./Drivers/STM32F4xx_HAL_Driver/Src/stm32f4xx_hal_rcc_ex.o
LOAD ./Drivers/STM32F4xx_HAL_Driver/Src/stm32f4xx_hal_tim.o
LOAD ./Drivers/STM32F4xx_HAL_Driver/Src/stm32f4xx_hal_tim_ex.o
START GROUP
LOAD e:/sortware/stmicroelectronics/stm32cube/stm32cubeide_1.11.2/stm32cubeide/plugins/com.st.stm32cube.ide.mcu.externaltools.gnu-tools-for-stm32.10.3-2021.10.win32_1.0.100.202210260954/tools/bin/../lib/gcc/arm-none-eabi/10.3.1/../../../../arm-none-eabi/lib/thumb/v7e-m+fp/hard\libc_nano.a
LOAD e:/sortware/stmicroelectronics/stm32cube/stm32cubeide_1.11.2/stm32cubeide/plugins/com.st.stm32cube.ide.mcu.externaltools.gnu-tools-for-stm32.10.3-2021.10.win32_1.0.100.202210260954/tools/bin/../lib/gcc/arm-none-eabi/10.3.1/../../../../arm-none-eabi/lib/thumb/v7e-m+fp/hard\libm.a
END GROUP
START GROUP
LOAD e:/sortware/stmicroelectronics/stm32cube/stm32cubeide_1.11.2/stm32cubeide/plugins/com.st.stm32cube.ide.mcu.externaltools.gnu-tools-for-stm32.10.3-2021.10.win32_1.0.100.202210260954/tools/bin/../lib/gcc/arm-none-eabi/10.3.1/thumb/v7e-m+fp/hard\libgcc.a
LOAD e:/sortware/stmicroelectronics/stm32cube/stm32cubeide_1.11.2/stm32cubeide/plugins/com.st.stm32cube.ide.mcu.externaltools.gnu-tools-for-stm32.10.3-2021.10.win32_1.0.100.202210260954/tools/bin/../lib/gcc/arm-none-eabi/10.3.1/../../../../arm-none-eabi/lib/thumb/v7e-m+fp/hard\libc_nano.a
END GROUP
START GROUP
LOAD e:/sortware/stmicroelectronics/stm32cube/stm32cubeide_1.11.2/stm32cubeide/plugins/com.st.stm32cube.ide.mcu.externaltools.gnu-tools-for-stm32.10.3-2021.10.win32_1.0.100.202210260954/tools/bin/../lib/gcc/arm-none-eabi/10.3.1/thumb/v7e-m+fp/hard\libgcc.a
LOAD e:/sortware/stmicroelectronics/stm32cube/stm32cubeide_1.11.2/stm32cubeide/plugins/com.st.stm32cube.ide.mcu.externaltools.gnu-tools-for-stm32.10.3-2021.10.win32_1.0.100.202210260954/tools/bin/../lib/gcc/arm-none-eabi/10.3.1/../../../../arm-none-eabi/lib/thumb/v7e-m+fp/hard\libc_nano.a
LOAD e:/sortware/stmicroelectronics/stm32cube/stm32cubeide_1.11.2/stm32cubeide/plugins/com.st.stm32cube.ide.mcu.externaltools.gnu-tools-for-stm32.10.3-2021.10.win32_1.0.100.202210260954/tools/bin/../lib/gcc/arm-none-eabi/10.3.1/../../../../arm-none-eabi/lib/thumb/v7e-m+fp/hard\libnosys.a
END GROUP
START GROUP
LOAD e:/sortware/stmicroelectronics/stm32cube/stm32cubeide_1.11.2/stm32cubeide/plugins/com.st.stm32cube.ide.mcu.externaltools.gnu-tools-for-stm32.10.3-2021.10.win32_1.0.100.202210260954/tools/bin/../lib/gcc/arm-none-eabi/10.3.1/thumb/v7e-m+fp/hard\libgcc.a
LOAD e:/sortware/stmicroelectronics/stm32cube/stm32cubeide_1.11.2/stm32cubeide/plugins/com.st.stm32cube.ide.mcu.externaltools.gnu-tools-for-stm32.10.3-2021.10.win32_1.0.100.202210260954/tools/bin/../lib/gcc/arm-none-eabi/10.3.1/../../../../arm-none-eabi/lib/thumb/v7e-m+fp/hard\libc_nano.a
LOAD e:/sortware/stmicroelectronics/stm32cube/stm32cubeide_1.11.2/stm32cubeide/plugins/com.st.stm32cube.ide.mcu.externaltools.gnu-tools-for-stm32.10.3-2021.10.win32_1.0.100.202210260954/tools/bin/../lib/gcc/arm-none-eabi/10.3.1/../../../../arm-none-eabi/lib/thumb/v7e-m+fp/hard\libnosys.a
END GROUP
LOAD e:/sortware/stmicroelectronics/stm32cube/stm32cubeide_1.11.2/stm32cubeide/plugins/com.st.stm32cube.ide.mcu.externaltools.gnu-tools-for-stm32.10.3-2021.10.win32_1.0.100.202210260954/tools/bin/../lib/gcc/arm-none-eabi/10.3.1/thumb/v7e-m+fp/hard/crtend.o
LOAD e:/sortware/stmicroelectronics/stm32cube/stm32cubeide_1.11.2/stm32cubeide/plugins/com.st.stm32cube.ide.mcu.externaltools.gnu-tools-for-stm32.10.3-2021.10.win32_1.0.100.202210260954/tools/bin/../lib/gcc/arm-none-eabi/10.3.1/thumb/v7e-m+fp/hard/crtn.o
                0x0000000020020000                _estack = (ORIGIN (RAM) + LENGTH (RAM))
                0x0000000000000200                _Min_Heap_Size = 0x200
                0x0000000000000400                _Min_Stack_Size = 0x400

.isr_vector     0x0000000008000000      0x188
                0x0000000008000000                . = ALIGN (0x4)
 *(.isr_vector)
 .isr_vector    0x0000000008000000      0x188 ./Core/Startup/startup_stm32f407zetx.o
                0x0000000008000000                g_pfnVectors
                0x0000000008000188                . = ALIGN (0x4)

.text           0x0000000008000188     0x1648
                0x0000000008000188                . = ALIGN (0x4)
 *(.text)
 .text          0x0000000008000188       0x40 e:/sortware/stmicroelectronics/stm32cube/stm32cubeide_1.11.2/stm32cubeide/plugins/com.st.stm32cube.ide.mcu.externaltools.gnu-tools-for-stm32.10.3-2021.10.win32_1.0.100.202210260954/tools/bin/../lib/gcc/arm-none-eabi/10.3.1/thumb/v7e-m+fp/hard/crtbegin.o
 .text          0x00000000080001c8       0x30 e:/sortware/stmicroelectronics/stm32cube/stm32cubeide_1.11.2/stm32cubeide/plugins/com.st.stm32cube.ide.mcu.externaltools.gnu-tools-for-stm32.10.3-2021.10.win32_1.0.100.202210260954/tools/bin/../lib/gcc/arm-none-eabi/10.3.1/thumb/v7e-m+fp/hard\libgcc.a(_aeabi_uldivmod.o)
                0x00000000080001c8                __aeabi_uldivmod
 .text          0x00000000080001f8      0x2d0 e:/sortware/stmicroelectronics/stm32cube/stm32cubeide_1.11.2/stm32cubeide/plugins/com.st.stm32cube.ide.mcu.externaltools.gnu-tools-for-stm32.10.3-2021.10.win32_1.0.100.202210260954/tools/bin/../lib/gcc/arm-none-eabi/10.3.1/thumb/v7e-m+fp/hard\libgcc.a(_udivmoddi4.o)
                0x00000000080001f8                __udivmoddi4
 .text          0x00000000080004c8        0x4 e:/sortware/stmicroelectronics/stm32cube/stm32cubeide_1.11.2/stm32cubeide/plugins/com.st.stm32cube.ide.mcu.externaltools.gnu-tools-for-stm32.10.3-2021.10.win32_1.0.100.202210260954/tools/bin/../lib/gcc/arm-none-eabi/10.3.1/thumb/v7e-m+fp/hard\libgcc.a(_dvmd_tls.o)
                0x00000000080004c8                __aeabi_idiv0
                0x00000000080004c8                __aeabi_ldiv0
 *(.text*)
 .text.bsp_beep_init
                0x00000000080004cc       0x18 ./Bsp/bsp_beep/bsp_beep.o
                0x00000000080004cc                bsp_beep_init
 .text.bsp_set_beep_off
                0x00000000080004e4       0x18 ./Bsp/bsp_beep/bsp_beep.o
                0x00000000080004e4                bsp_set_beep_off
 .text.bsp_set_power_on
                0x00000000080004fc       0x18 ./Bsp/bsp_power/bsp_power.o
                0x00000000080004fc                bsp_set_power_on
 .text.MX_GPIO_Init
                0x0000000008000514      0x14c ./Core/Src/gpio.o
                0x0000000008000514                MX_GPIO_Init
 .text.main     0x0000000008000660       0x1e ./Core/Src/main.o
                0x0000000008000660                main
 *fill*         0x000000000800067e        0x2 
 .text.SystemClock_Config
                0x0000000008000680       0xd4 ./Core/Src/main.o
                0x0000000008000680                SystemClock_Config
 .text.Error_Handler
                0x0000000008000754        0xa ./Core/Src/main.o
                0x0000000008000754                Error_Handler
 *fill*         0x000000000800075e        0x2 
 .text.HAL_MspInit
                0x0000000008000760       0x50 ./Core/Src/stm32f4xx_hal_msp.o
                0x0000000008000760                HAL_MspInit
 .text.NMI_Handler
                0x00000000080007b0        0x6 ./Core/Src/stm32f4xx_it.o
                0x00000000080007b0                NMI_Handler
 .text.HardFault_Handler
                0x00000000080007b6        0x6 ./Core/Src/stm32f4xx_it.o
                0x00000000080007b6                HardFault_Handler
 .text.MemManage_Handler
                0x00000000080007bc        0x6 ./Core/Src/stm32f4xx_it.o
                0x00000000080007bc                MemManage_Handler
 .text.BusFault_Handler
                0x00000000080007c2        0x6 ./Core/Src/stm32f4xx_it.o
                0x00000000080007c2                BusFault_Handler
 .text.UsageFault_Handler
                0x00000000080007c8        0x6 ./Core/Src/stm32f4xx_it.o
                0x00000000080007c8                UsageFault_Handler
 .text.SVC_Handler
                0x00000000080007ce        0xe ./Core/Src/stm32f4xx_it.o
                0x00000000080007ce                SVC_Handler
 .text.DebugMon_Handler
                0x00000000080007dc        0xe ./Core/Src/stm32f4xx_it.o
                0x00000000080007dc                DebugMon_Handler
 .text.PendSV_Handler
                0x00000000080007ea        0xe ./Core/Src/stm32f4xx_it.o
                0x00000000080007ea                PendSV_Handler
 .text.SysTick_Handler
                0x00000000080007f8        0xc ./Core/Src/stm32f4xx_it.o
                0x00000000080007f8                SysTick_Handler
 .text.SystemInit
                0x0000000008000804       0x24 ./Core/Src/system_stm32f4xx.o
                0x0000000008000804                SystemInit
 .text.Reset_Handler
                0x0000000008000828       0x50 ./Core/Startup/startup_stm32f407zetx.o
                0x0000000008000828                Reset_Handler
 .text.Default_Handler
                0x0000000008000878        0x2 ./Core/Startup/startup_stm32f407zetx.o
                0x0000000008000878                RTC_Alarm_IRQHandler
                0x0000000008000878                HASH_RNG_IRQHandler
                0x0000000008000878                EXTI2_IRQHandler
                0x0000000008000878                TIM8_CC_IRQHandler
                0x0000000008000878                TIM1_CC_IRQHandler
                0x0000000008000878                DMA2_Stream5_IRQHandler
                0x0000000008000878                DMA1_Stream5_IRQHandler
                0x0000000008000878                PVD_IRQHandler
                0x0000000008000878                SDIO_IRQHandler
                0x0000000008000878                TAMP_STAMP_IRQHandler
                0x0000000008000878                CAN2_RX1_IRQHandler
                0x0000000008000878                EXTI3_IRQHandler
                0x0000000008000878                TIM8_TRG_COM_TIM14_IRQHandler
                0x0000000008000878                TIM1_UP_TIM10_IRQHandler
                0x0000000008000878                TIM8_UP_TIM13_IRQHandler
                0x0000000008000878                I2C3_ER_IRQHandler
                0x0000000008000878                EXTI0_IRQHandler
                0x0000000008000878                I2C2_EV_IRQHandler
                0x0000000008000878                DMA1_Stream2_IRQHandler
                0x0000000008000878                CAN1_RX0_IRQHandler
                0x0000000008000878                FPU_IRQHandler
                0x0000000008000878                OTG_HS_WKUP_IRQHandler
                0x0000000008000878                CAN2_SCE_IRQHandler
                0x0000000008000878                DMA2_Stream2_IRQHandler
                0x0000000008000878                SPI1_IRQHandler
                0x0000000008000878                TIM6_DAC_IRQHandler
                0x0000000008000878                TIM1_BRK_TIM9_IRQHandler
                0x0000000008000878                DCMI_IRQHandler
                0x0000000008000878                CAN2_RX0_IRQHandler
                0x0000000008000878                DMA2_Stream3_IRQHandler
                0x0000000008000878                USART6_IRQHandler
                0x0000000008000878                USART3_IRQHandler
                0x0000000008000878                CAN1_RX1_IRQHandler
                0x0000000008000878                UART5_IRQHandler
                0x0000000008000878                DMA2_Stream0_IRQHandler
                0x0000000008000878                TIM4_IRQHandler
                0x0000000008000878                I2C1_EV_IRQHandler
                0x0000000008000878                DMA1_Stream6_IRQHandler
                0x0000000008000878                DMA1_Stream1_IRQHandler
                0x0000000008000878                UART4_IRQHandler
                0x0000000008000878                TIM3_IRQHandler
                0x0000000008000878                RCC_IRQHandler
                0x0000000008000878                TIM8_BRK_TIM12_IRQHandler
                0x0000000008000878                Default_Handler
                0x0000000008000878                EXTI15_10_IRQHandler
                0x0000000008000878                ADC_IRQHandler
                0x0000000008000878                DMA1_Stream7_IRQHandler
                0x0000000008000878                TIM7_IRQHandler
                0x0000000008000878                CAN2_TX_IRQHandler
                0x0000000008000878                TIM5_IRQHandler
                0x0000000008000878                DMA2_Stream7_IRQHandler
                0x0000000008000878                I2C3_EV_IRQHandler
                0x0000000008000878                EXTI9_5_IRQHandler
                0x0000000008000878                RTC_WKUP_IRQHandler
                0x0000000008000878                ETH_WKUP_IRQHandler
                0x0000000008000878                SPI2_IRQHandler
                0x0000000008000878                OTG_HS_EP1_IN_IRQHandler
                0x0000000008000878                DMA1_Stream0_IRQHandler
                0x0000000008000878                CAN1_TX_IRQHandler
                0x0000000008000878                EXTI4_IRQHandler
                0x0000000008000878                FSMC_IRQHandler
                0x0000000008000878                ETH_IRQHandler
                0x0000000008000878                OTG_HS_EP1_OUT_IRQHandler
                0x0000000008000878                WWDG_IRQHandler
                0x0000000008000878                TIM2_IRQHandler
                0x0000000008000878                OTG_FS_WKUP_IRQHandler
                0x0000000008000878                TIM1_TRG_COM_TIM11_IRQHandler
                0x0000000008000878                OTG_HS_IRQHandler
                0x0000000008000878                EXTI1_IRQHandler
                0x0000000008000878                USART2_IRQHandler
                0x0000000008000878                I2C2_ER_IRQHandler
                0x0000000008000878                DMA2_Stream1_IRQHandler
                0x0000000008000878                CAN1_SCE_IRQHandler
                0x0000000008000878                FLASH_IRQHandler
                0x0000000008000878                DMA2_Stream4_IRQHandler
                0x0000000008000878                USART1_IRQHandler
                0x0000000008000878                OTG_FS_IRQHandler
                0x0000000008000878                SPI3_IRQHandler
                0x0000000008000878                DMA1_Stream4_IRQHandler
                0x0000000008000878                I2C1_ER_IRQHandler
                0x0000000008000878                DMA2_Stream6_IRQHandler
                0x0000000008000878                DMA1_Stream3_IRQHandler
 *fill*         0x000000000800087a        0x2 
 .text.HAL_Init
                0x000000000800087c       0x44 ./Drivers/STM32F4xx_HAL_Driver/Src/stm32f4xx_hal.o
                0x000000000800087c                HAL_Init
 .text.HAL_InitTick
                0x00000000080008c0       0x60 ./Drivers/STM32F4xx_HAL_Driver/Src/stm32f4xx_hal.o
                0x00000000080008c0                HAL_InitTick
 .text.HAL_IncTick
                0x0000000008000920       0x28 ./Drivers/STM32F4xx_HAL_Driver/Src/stm32f4xx_hal.o
                0x0000000008000920                HAL_IncTick
 .text.HAL_GetTick
                0x0000000008000948       0x18 ./Drivers/STM32F4xx_HAL_Driver/Src/stm32f4xx_hal.o
                0x0000000008000948                HAL_GetTick
 .text.__NVIC_SetPriorityGrouping
                0x0000000008000960       0x48 ./Drivers/STM32F4xx_HAL_Driver/Src/stm32f4xx_hal_cortex.o
 .text.__NVIC_GetPriorityGrouping
                0x00000000080009a8       0x1c ./Drivers/STM32F4xx_HAL_Driver/Src/stm32f4xx_hal_cortex.o
 .text.__NVIC_SetPriority
                0x00000000080009c4       0x54 ./Drivers/STM32F4xx_HAL_Driver/Src/stm32f4xx_hal_cortex.o
 .text.NVIC_EncodePriority
                0x0000000008000a18       0x66 ./Drivers/STM32F4xx_HAL_Driver/Src/stm32f4xx_hal_cortex.o
 *fill*         0x0000000008000a7e        0x2 
 .text.SysTick_Config
                0x0000000008000a80       0x44 ./Drivers/STM32F4xx_HAL_Driver/Src/stm32f4xx_hal_cortex.o
 .text.HAL_NVIC_SetPriorityGrouping
                0x0000000008000ac4       0x16 ./Drivers/STM32F4xx_HAL_Driver/Src/stm32f4xx_hal_cortex.o
                0x0000000008000ac4                HAL_NVIC_SetPriorityGrouping
 .text.HAL_NVIC_SetPriority
                0x0000000008000ada       0x38 ./Drivers/STM32F4xx_HAL_Driver/Src/stm32f4xx_hal_cortex.o
                0x0000000008000ada                HAL_NVIC_SetPriority
 .text.HAL_SYSTICK_Config
                0x0000000008000b12       0x18 ./Drivers/STM32F4xx_HAL_Driver/Src/stm32f4xx_hal_cortex.o
                0x0000000008000b12                HAL_SYSTICK_Config
 *fill*         0x0000000008000b2a        0x2 
 .text.HAL_GPIO_Init
                0x0000000008000b2c      0x338 ./Drivers/STM32F4xx_HAL_Driver/Src/stm32f4xx_hal_gpio.o
                0x0000000008000b2c                HAL_GPIO_Init
 .text.HAL_GPIO_WritePin
                0x0000000008000e64       0x32 ./Drivers/STM32F4xx_HAL_Driver/Src/stm32f4xx_hal_gpio.o
                0x0000000008000e64                HAL_GPIO_WritePin
 *fill*         0x0000000008000e96        0x2 
 .text.HAL_RCC_OscConfig
                0x0000000008000e98      0x4f0 ./Drivers/STM32F4xx_HAL_Driver/Src/stm32f4xx_hal_rcc.o
                0x0000000008000e98                HAL_RCC_OscConfig
 .text.HAL_RCC_ClockConfig
                0x0000000008001388      0x1cc ./Drivers/STM32F4xx_HAL_Driver/Src/stm32f4xx_hal_rcc.o
                0x0000000008001388                HAL_RCC_ClockConfig
 .text.HAL_RCC_GetSysClockFreq
                0x0000000008001554      0x20c ./Drivers/STM32F4xx_HAL_Driver/Src/stm32f4xx_hal_rcc.o
                0x0000000008001554                HAL_RCC_GetSysClockFreq
 .text.__libc_init_array
                0x0000000008001760       0x48 e:/sortware/stmicroelectronics/stm32cube/stm32cubeide_1.11.2/stm32cubeide/plugins/com.st.stm32cube.ide.mcu.externaltools.gnu-tools-for-stm32.10.3-2021.10.win32_1.0.100.202210260954/tools/bin/../lib/gcc/arm-none-eabi/10.3.1/../../../../arm-none-eabi/lib/thumb/v7e-m+fp/hard\libc_nano.a(lib_a-init.o)
                0x0000000008001760                __libc_init_array
 .text.memset   0x00000000080017a8       0x10 e:/sortware/stmicroelectronics/stm32cube/stm32cubeide_1.11.2/stm32cubeide/plugins/com.st.stm32cube.ide.mcu.externaltools.gnu-tools-for-stm32.10.3-2021.10.win32_1.0.100.202210260954/tools/bin/../lib/gcc/arm-none-eabi/10.3.1/../../../../arm-none-eabi/lib/thumb/v7e-m+fp/hard\libc_nano.a(lib_a-memset.o)
                0x00000000080017a8                memset
 *(.glue_7)
 .glue_7        0x00000000080017b8        0x0 linker stubs
 *(.glue_7t)
 .glue_7t       0x00000000080017b8        0x0 linker stubs
 *(.eh_frame)
 .eh_frame      0x00000000080017b8        0x0 e:/sortware/stmicroelectronics/stm32cube/stm32cubeide_1.11.2/stm32cubeide/plugins/com.st.stm32cube.ide.mcu.externaltools.gnu-tools-for-stm32.10.3-2021.10.win32_1.0.100.202210260954/tools/bin/../lib/gcc/arm-none-eabi/10.3.1/thumb/v7e-m+fp/hard/crtbegin.o
 *(.init)
 .init          0x00000000080017b8        0x4 e:/sortware/stmicroelectronics/stm32cube/stm32cubeide_1.11.2/stm32cubeide/plugins/com.st.stm32cube.ide.mcu.externaltools.gnu-tools-for-stm32.10.3-2021.10.win32_1.0.100.202210260954/tools/bin/../lib/gcc/arm-none-eabi/10.3.1/thumb/v7e-m+fp/hard/crti.o
                0x00000000080017b8                _init
 .init          0x00000000080017bc        0x8 e:/sortware/stmicroelectronics/stm32cube/stm32cubeide_1.11.2/stm32cubeide/plugins/com.st.stm32cube.ide.mcu.externaltools.gnu-tools-for-stm32.10.3-2021.10.win32_1.0.100.202210260954/tools/bin/../lib/gcc/arm-none-eabi/10.3.1/thumb/v7e-m+fp/hard/crtn.o
 *(.fini)
 .fini          0x00000000080017c4        0x4 e:/sortware/stmicroelectronics/stm32cube/stm32cubeide_1.11.2/stm32cubeide/plugins/com.st.stm32cube.ide.mcu.externaltools.gnu-tools-for-stm32.10.3-2021.10.win32_1.0.100.202210260954/tools/bin/../lib/gcc/arm-none-eabi/10.3.1/thumb/v7e-m+fp/hard/crti.o
                0x00000000080017c4                _fini
 .fini          0x00000000080017c8        0x8 e:/sortware/stmicroelectronics/stm32cube/stm32cubeide_1.11.2/stm32cubeide/plugins/com.st.stm32cube.ide.mcu.externaltools.gnu-tools-for-stm32.10.3-2021.10.win32_1.0.100.202210260954/tools/bin/../lib/gcc/arm-none-eabi/10.3.1/thumb/v7e-m+fp/hard/crtn.o
                0x00000000080017d0                . = ALIGN (0x4)
                0x00000000080017d0                _etext = .

.vfp11_veneer   0x00000000080017d0        0x0
 .vfp11_veneer  0x00000000080017d0        0x0 linker stubs

.v4_bx          0x00000000080017d0        0x0
 .v4_bx         0x00000000080017d0        0x0 linker stubs

.iplt           0x00000000080017d0        0x0
 .iplt          0x00000000080017d0        0x0 e:/sortware/stmicroelectronics/stm32cube/stm32cubeide_1.11.2/stm32cubeide/plugins/com.st.stm32cube.ide.mcu.externaltools.gnu-tools-for-stm32.10.3-2021.10.win32_1.0.100.202210260954/tools/bin/../lib/gcc/arm-none-eabi/10.3.1/thumb/v7e-m+fp/hard/crtbegin.o

.rodata         0x00000000080017d0       0x10
                0x00000000080017d0                . = ALIGN (0x4)
 *(.rodata)
 *(.rodata*)
 .rodata.AHBPrescTable
                0x00000000080017d0       0x10 ./Core/Src/system_stm32f4xx.o
                0x00000000080017d0                AHBPrescTable
                0x00000000080017e0                . = ALIGN (0x4)

.ARM.extab      0x00000000080017e0        0x0
                0x00000000080017e0                . = ALIGN (0x4)
 *(.ARM.extab* .gnu.linkonce.armextab.*)
                0x00000000080017e0                . = ALIGN (0x4)

.ARM            0x00000000080017e0        0x8
                0x00000000080017e0                . = ALIGN (0x4)
                0x00000000080017e0                __exidx_start = .
 *(.ARM.exidx*)
 .ARM.exidx     0x00000000080017e0        0x8 e:/sortware/stmicroelectronics/stm32cube/stm32cubeide_1.11.2/stm32cubeide/plugins/com.st.stm32cube.ide.mcu.externaltools.gnu-tools-for-stm32.10.3-2021.10.win32_1.0.100.202210260954/tools/bin/../lib/gcc/arm-none-eabi/10.3.1/thumb/v7e-m+fp/hard\libgcc.a(_udivmoddi4.o)
                0x00000000080017e8                __exidx_end = .
                0x00000000080017e8                . = ALIGN (0x4)

.rel.dyn        0x00000000080017e8        0x0
 .rel.iplt      0x00000000080017e8        0x0 e:/sortware/stmicroelectronics/stm32cube/stm32cubeide_1.11.2/stm32cubeide/plugins/com.st.stm32cube.ide.mcu.externaltools.gnu-tools-for-stm32.10.3-2021.10.win32_1.0.100.202210260954/tools/bin/../lib/gcc/arm-none-eabi/10.3.1/thumb/v7e-m+fp/hard/crtbegin.o

.preinit_array  0x00000000080017e8        0x0
                0x00000000080017e8                . = ALIGN (0x4)
                0x00000000080017e8                PROVIDE (__preinit_array_start = .)
 *(.preinit_array*)
                0x00000000080017e8                PROVIDE (__preinit_array_end = .)
                0x00000000080017e8                . = ALIGN (0x4)

.init_array     0x00000000080017e8        0x4
                0x00000000080017e8                . = ALIGN (0x4)
                0x00000000080017e8                PROVIDE (__init_array_start = .)
 *(SORT_BY_NAME(.init_array.*))
 *(.init_array*)
 .init_array    0x00000000080017e8        0x4 e:/sortware/stmicroelectronics/stm32cube/stm32cubeide_1.11.2/stm32cubeide/plugins/com.st.stm32cube.ide.mcu.externaltools.gnu-tools-for-stm32.10.3-2021.10.win32_1.0.100.202210260954/tools/bin/../lib/gcc/arm-none-eabi/10.3.1/thumb/v7e-m+fp/hard/crtbegin.o
                0x00000000080017ec                PROVIDE (__init_array_end = .)
                0x00000000080017ec                . = ALIGN (0x4)

.fini_array     0x00000000080017ec        0x4
                0x00000000080017ec                . = ALIGN (0x4)
                [!provide]                        PROVIDE (__fini_array_start = .)
 *(SORT_BY_NAME(.fini_array.*))
 *(.fini_array*)
 .fini_array    0x00000000080017ec        0x4 e:/sortware/stmicroelectronics/stm32cube/stm32cubeide_1.11.2/stm32cubeide/plugins/com.st.stm32cube.ide.mcu.externaltools.gnu-tools-for-stm32.10.3-2021.10.win32_1.0.100.202210260954/tools/bin/../lib/gcc/arm-none-eabi/10.3.1/thumb/v7e-m+fp/hard/crtbegin.o
                [!provide]                        PROVIDE (__fini_array_end = .)
                0x00000000080017f0                . = ALIGN (0x4)
                0x00000000080017f0                _sidata = LOADADDR (.data)

.data           0x0000000020000000        0xc load address 0x00000000080017f0
                0x0000000020000000                . = ALIGN (0x4)
                0x0000000020000000                _sdata = .
 *(.data)
 *(.data*)
 .data.SystemCoreClock
                0x0000000020000000        0x4 ./Core/Src/system_stm32f4xx.o
                0x0000000020000000                SystemCoreClock
 .data.uwTickPrio
                0x0000000020000004        0x4 ./Drivers/STM32F4xx_HAL_Driver/Src/stm32f4xx_hal.o
                0x0000000020000004                uwTickPrio
 .data.uwTickFreq
                0x0000000020000008        0x1 ./Drivers/STM32F4xx_HAL_Driver/Src/stm32f4xx_hal.o
                0x0000000020000008                uwTickFreq
 *(.RamFunc)
 *(.RamFunc*)
                0x000000002000000c                . = ALIGN (0x4)
 *fill*         0x0000000020000009        0x3 
                0x000000002000000c                _edata = .
                0x00000000080017fc                _siccmram = LOADADDR (.ccmram)

.igot.plt       0x000000002000000c        0x0 load address 0x00000000080017fc
 .igot.plt      0x000000002000000c        0x0 e:/sortware/stmicroelectronics/stm32cube/stm32cubeide_1.11.2/stm32cubeide/plugins/com.st.stm32cube.ide.mcu.externaltools.gnu-tools-for-stm32.10.3-2021.10.win32_1.0.100.202210260954/tools/bin/../lib/gcc/arm-none-eabi/10.3.1/thumb/v7e-m+fp/hard/crtbegin.o

.ccmram         0x0000000010000000        0x0 load address 0x00000000080017fc
                0x0000000010000000                . = ALIGN (0x4)
                0x0000000010000000                _sccmram = .
 *(.ccmram)
 *(.ccmram*)
                0x0000000010000000                . = ALIGN (0x4)
                0x0000000010000000                _eccmram = .
                0x0000000010000000                . = ALIGN (0x4)

.bss            0x000000002000000c       0x20
                0x000000002000000c                _sbss = .
                0x000000002000000c                __bss_start__ = _sbss
 *(.bss)
 .bss           0x000000002000000c       0x1c e:/sortware/stmicroelectronics/stm32cube/stm32cubeide_1.11.2/stm32cubeide/plugins/com.st.stm32cube.ide.mcu.externaltools.gnu-tools-for-stm32.10.3-2021.10.win32_1.0.100.202210260954/tools/bin/../lib/gcc/arm-none-eabi/10.3.1/thumb/v7e-m+fp/hard/crtbegin.o
 *(.bss*)
 .bss.uwTick    0x0000000020000028        0x4 ./Drivers/STM32F4xx_HAL_Driver/Src/stm32f4xx_hal.o
                0x0000000020000028                uwTick
 *(COMMON)
                0x000000002000002c                . = ALIGN (0x4)
                0x000000002000002c                _ebss = .
                0x000000002000002c                __bss_end__ = _ebss

._user_heap_stack
                0x000000002000002c      0x604
                0x0000000020000030                . = ALIGN (0x8)
 *fill*         0x000000002000002c        0x4 
                [!provide]                        PROVIDE (end = .)
                0x0000000020000030                PROVIDE (_end = .)
                0x0000000020000230                . = (. + _Min_Heap_Size)
 *fill*         0x0000000020000030      0x200 
                0x0000000020000630                . = (. + _Min_Stack_Size)
 *fill*         0x0000000020000230      0x400 
                0x0000000020000630                . = ALIGN (0x8)

/DISCARD/
 libc.a(*)
 libm.a(*)
 libgcc.a(*)

.ARM.attributes
                0x0000000000000000       0x30
 *(.ARM.attributes)
 .ARM.attributes
                0x0000000000000000       0x1e e:/sortware/stmicroelectronics/stm32cube/stm32cubeide_1.11.2/stm32cubeide/plugins/com.st.stm32cube.ide.mcu.externaltools.gnu-tools-for-stm32.10.3-2021.10.win32_1.0.100.202210260954/tools/bin/../lib/gcc/arm-none-eabi/10.3.1/thumb/v7e-m+fp/hard/crti.o
 .ARM.attributes
                0x000000000000001e       0x34 e:/sortware/stmicroelectronics/stm32cube/stm32cubeide_1.11.2/stm32cubeide/plugins/com.st.stm32cube.ide.mcu.externaltools.gnu-tools-for-stm32.10.3-2021.10.win32_1.0.100.202210260954/tools/bin/../lib/gcc/arm-none-eabi/10.3.1/thumb/v7e-m+fp/hard/crtbegin.o
 .ARM.attributes
                0x0000000000000052       0x34 ./Bsp/bsp_beep/bsp_beep.o
 .ARM.attributes
                0x0000000000000086       0x34 ./Bsp/bsp_power/bsp_power.o
 .ARM.attributes
                0x00000000000000ba       0x34 ./Core/Src/gpio.o
 .ARM.attributes
                0x00000000000000ee       0x34 ./Core/Src/main.o
 .ARM.attributes
                0x0000000000000122       0x34 ./Core/Src/stm32f4xx_hal_msp.o
 .ARM.attributes
                0x0000000000000156       0x34 ./Core/Src/stm32f4xx_it.o
 .ARM.attributes
                0x000000000000018a       0x34 ./Core/Src/system_stm32f4xx.o
 .ARM.attributes
                0x00000000000001be       0x21 ./Core/Startup/startup_stm32f407zetx.o
 .ARM.attributes
                0x00000000000001df       0x34 ./Drivers/STM32F4xx_HAL_Driver/Src/stm32f4xx_hal.o
 .ARM.attributes
                0x0000000000000213       0x34 ./Drivers/STM32F4xx_HAL_Driver/Src/stm32f4xx_hal_cortex.o
 .ARM.attributes
                0x0000000000000247       0x34 ./Drivers/STM32F4xx_HAL_Driver/Src/stm32f4xx_hal_gpio.o
 .ARM.attributes
                0x000000000000027b       0x34 ./Drivers/STM32F4xx_HAL_Driver/Src/stm32f4xx_hal_rcc.o
 .ARM.attributes
                0x00000000000002af       0x34 e:/sortware/stmicroelectronics/stm32cube/stm32cubeide_1.11.2/stm32cubeide/plugins/com.st.stm32cube.ide.mcu.externaltools.gnu-tools-for-stm32.10.3-2021.10.win32_1.0.100.202210260954/tools/bin/../lib/gcc/arm-none-eabi/10.3.1/../../../../arm-none-eabi/lib/thumb/v7e-m+fp/hard\libc_nano.a(lib_a-init.o)
 .ARM.attributes
                0x00000000000002e3       0x34 e:/sortware/stmicroelectronics/stm32cube/stm32cubeide_1.11.2/stm32cubeide/plugins/com.st.stm32cube.ide.mcu.externaltools.gnu-tools-for-stm32.10.3-2021.10.win32_1.0.100.202210260954/tools/bin/../lib/gcc/arm-none-eabi/10.3.1/../../../../arm-none-eabi/lib/thumb/v7e-m+fp/hard\libc_nano.a(lib_a-memset.o)
 .ARM.attributes
                0x0000000000000317       0x1e e:/sortware/stmicroelectronics/stm32cube/stm32cubeide_1.11.2/stm32cubeide/plugins/com.st.stm32cube.ide.mcu.externaltools.gnu-tools-for-stm32.10.3-2021.10.win32_1.0.100.202210260954/tools/bin/../lib/gcc/arm-none-eabi/10.3.1/thumb/v7e-m+fp/hard\libgcc.a(_aeabi_uldivmod.o)
 .ARM.attributes
                0x0000000000000335       0x34 e:/sortware/stmicroelectronics/stm32cube/stm32cubeide_1.11.2/stm32cubeide/plugins/com.st.stm32cube.ide.mcu.externaltools.gnu-tools-for-stm32.10.3-2021.10.win32_1.0.100.202210260954/tools/bin/../lib/gcc/arm-none-eabi/10.3.1/thumb/v7e-m+fp/hard\libgcc.a(_udivmoddi4.o)
 .ARM.attributes
                0x0000000000000369       0x1e e:/sortware/stmicroelectronics/stm32cube/stm32cubeide_1.11.2/stm32cubeide/plugins/com.st.stm32cube.ide.mcu.externaltools.gnu-tools-for-stm32.10.3-2021.10.win32_1.0.100.202210260954/tools/bin/../lib/gcc/arm-none-eabi/10.3.1/thumb/v7e-m+fp/hard\libgcc.a(_dvmd_tls.o)
 .ARM.attributes
                0x0000000000000387       0x1e e:/sortware/stmicroelectronics/stm32cube/stm32cubeide_1.11.2/stm32cubeide/plugins/com.st.stm32cube.ide.mcu.externaltools.gnu-tools-for-stm32.10.3-2021.10.win32_1.0.100.202210260954/tools/bin/../lib/gcc/arm-none-eabi/10.3.1/thumb/v7e-m+fp/hard/crtn.o
OUTPUT(LED.elf elf32-littlearm)
LOAD linker stubs
LOAD e:/sortware/stmicroelectronics/stm32cube/stm32cubeide_1.11.2/stm32cubeide/plugins/com.st.stm32cube.ide.mcu.externaltools.gnu-tools-for-stm32.10.3-2021.10.win32_1.0.100.202210260954/tools/bin/../lib/gcc/arm-none-eabi/10.3.1/../../../../arm-none-eabi/lib/thumb/v7e-m+fp/hard\libc.a
LOAD e:/sortware/stmicroelectronics/stm32cube/stm32cubeide_1.11.2/stm32cubeide/plugins/com.st.stm32cube.ide.mcu.externaltools.gnu-tools-for-stm32.10.3-2021.10.win32_1.0.100.202210260954/tools/bin/../lib/gcc/arm-none-eabi/10.3.1/../../../../arm-none-eabi/lib/thumb/v7e-m+fp/hard\libm.a
LOAD e:/sortware/stmicroelectronics/stm32cube/stm32cubeide_1.11.2/stm32cubeide/plugins/com.st.stm32cube.ide.mcu.externaltools.gnu-tools-for-stm32.10.3-2021.10.win32_1.0.100.202210260954/tools/bin/../lib/gcc/arm-none-eabi/10.3.1/thumb/v7e-m+fp/hard\libgcc.a

.debug_info     0x0000000000000000     0x3ee2
 .debug_info    0x0000000000000000      0x1d6 ./Bsp/bsp_beep/bsp_beep.o
 .debug_info    0x00000000000001d6      0x1c4 ./Bsp/bsp_power/bsp_power.o
 .debug_info    0x000000000000039a      0x4ab ./Core/Src/gpio.o
 .debug_info    0x0000000000000845      0x528 ./Core/Src/main.o
 .debug_info    0x0000000000000d6d      0x2a8 ./Core/Src/stm32f4xx_hal_msp.o
 .debug_info    0x0000000000001015      0x121 ./Core/Src/stm32f4xx_it.o
 .debug_info    0x0000000000001136      0x523 ./Core/Src/system_stm32f4xx.o
 .debug_info    0x0000000000001659       0x22 ./Core/Startup/startup_stm32f407zetx.o
 .debug_info    0x000000000000167b      0x97c ./Drivers/STM32F4xx_HAL_Driver/Src/stm32f4xx_hal.o
 .debug_info    0x0000000000001ff7      0xe1b ./Drivers/STM32F4xx_HAL_Driver/Src/stm32f4xx_hal_cortex.o
 .debug_info    0x0000000000002e12      0x76a ./Drivers/STM32F4xx_HAL_Driver/Src/stm32f4xx_hal_gpio.o
 .debug_info    0x000000000000357c      0x966 ./Drivers/STM32F4xx_HAL_Driver/Src/stm32f4xx_hal_rcc.o

.debug_abbrev   0x0000000000000000     0x10f3
 .debug_abbrev  0x0000000000000000       0xf0 ./Bsp/bsp_beep/bsp_beep.o
 .debug_abbrev  0x00000000000000f0       0xf0 ./Bsp/bsp_power/bsp_power.o
 .debug_abbrev  0x00000000000001e0      0x146 ./Core/Src/gpio.o
 .debug_abbrev  0x0000000000000326      0x1cc ./Core/Src/main.o
 .debug_abbrev  0x00000000000004f2       0xd4 ./Core/Src/stm32f4xx_hal_msp.o
 .debug_abbrev  0x00000000000005c6       0x74 ./Core/Src/stm32f4xx_it.o
 .debug_abbrev  0x000000000000063a      0x116 ./Core/Src/system_stm32f4xx.o
 .debug_abbrev  0x0000000000000750       0x12 ./Core/Startup/startup_stm32f407zetx.o
 .debug_abbrev  0x0000000000000762      0x20d ./Drivers/STM32F4xx_HAL_Driver/Src/stm32f4xx_hal.o
 .debug_abbrev  0x000000000000096f      0x316 ./Drivers/STM32F4xx_HAL_Driver/Src/stm32f4xx_hal_cortex.o
 .debug_abbrev  0x0000000000000c85      0x1c4 ./Drivers/STM32F4xx_HAL_Driver/Src/stm32f4xx_hal_gpio.o
 .debug_abbrev  0x0000000000000e49      0x2aa ./Drivers/STM32F4xx_HAL_Driver/Src/stm32f4xx_hal_rcc.o

.debug_aranges  0x0000000000000000      0x460
 .debug_aranges
                0x0000000000000000       0x30 ./Bsp/bsp_beep/bsp_beep.o
 .debug_aranges
                0x0000000000000030       0x28 ./Bsp/bsp_power/bsp_power.o
 .debug_aranges
                0x0000000000000058       0x20 ./Core/Src/gpio.o
 .debug_aranges
                0x0000000000000078       0x30 ./Core/Src/main.o
 .debug_aranges
                0x00000000000000a8       0x20 ./Core/Src/stm32f4xx_hal_msp.o
 .debug_aranges
                0x00000000000000c8       0x60 ./Core/Src/stm32f4xx_it.o
 .debug_aranges
                0x0000000000000128       0x28 ./Core/Src/system_stm32f4xx.o
 .debug_aranges
                0x0000000000000150       0x28 ./Core/Startup/startup_stm32f407zetx.o
 .debug_aranges
                0x0000000000000178       0xf0 ./Drivers/STM32F4xx_HAL_Driver/Src/stm32f4xx_hal.o
 .debug_aranges
                0x0000000000000268      0x118 ./Drivers/STM32F4xx_HAL_Driver/Src/stm32f4xx_hal_cortex.o
 .debug_aranges
                0x0000000000000380       0x58 ./Drivers/STM32F4xx_HAL_Driver/Src/stm32f4xx_hal_gpio.o
 .debug_aranges
                0x00000000000003d8       0x88 ./Drivers/STM32F4xx_HAL_Driver/Src/stm32f4xx_hal_rcc.o

.debug_ranges   0x0000000000000000      0x3a8
 .debug_ranges  0x0000000000000000       0x20 ./Bsp/bsp_beep/bsp_beep.o
 .debug_ranges  0x0000000000000020       0x18 ./Bsp/bsp_power/bsp_power.o
 .debug_ranges  0x0000000000000038       0x10 ./Core/Src/gpio.o
 .debug_ranges  0x0000000000000048       0x20 ./Core/Src/main.o
 .debug_ranges  0x0000000000000068       0x10 ./Core/Src/stm32f4xx_hal_msp.o
 .debug_ranges  0x0000000000000078       0x50 ./Core/Src/stm32f4xx_it.o
 .debug_ranges  0x00000000000000c8       0x18 ./Core/Src/system_stm32f4xx.o
 .debug_ranges  0x00000000000000e0       0x20 ./Core/Startup/startup_stm32f407zetx.o
 .debug_ranges  0x0000000000000100       0xe0 ./Drivers/STM32F4xx_HAL_Driver/Src/stm32f4xx_hal.o
 .debug_ranges  0x00000000000001e0      0x108 ./Drivers/STM32F4xx_HAL_Driver/Src/stm32f4xx_hal_cortex.o
 .debug_ranges  0x00000000000002e8       0x48 ./Drivers/STM32F4xx_HAL_Driver/Src/stm32f4xx_hal_gpio.o
 .debug_ranges  0x0000000000000330       0x78 ./Drivers/STM32F4xx_HAL_Driver/Src/stm32f4xx_hal_rcc.o

.debug_macro    0x0000000000000000    0x1f302
 .debug_macro   0x0000000000000000      0x1d3 ./Bsp/bsp_beep/bsp_beep.o
 .debug_macro   0x00000000000001d3      0xa78 ./Bsp/bsp_beep/bsp_beep.o
 .debug_macro   0x0000000000000c4b      0x28f ./Bsp/bsp_beep/bsp_beep.o
 .debug_macro   0x0000000000000eda       0x2e ./Bsp/bsp_beep/bsp_beep.o
 .debug_macro   0x0000000000000f08       0x2f ./Bsp/bsp_beep/bsp_beep.o
 .debug_macro   0x0000000000000f37       0x22 ./Bsp/bsp_beep/bsp_beep.o
 .debug_macro   0x0000000000000f59       0x8e ./Bsp/bsp_beep/bsp_beep.o
 .debug_macro   0x0000000000000fe7       0x51 ./Bsp/bsp_beep/bsp_beep.o
 .debug_macro   0x0000000000001038      0x103 ./Bsp/bsp_beep/bsp_beep.o
 .debug_macro   0x000000000000113b       0x6a ./Bsp/bsp_beep/bsp_beep.o
 .debug_macro   0x00000000000011a5      0x1df ./Bsp/bsp_beep/bsp_beep.o
 .debug_macro   0x0000000000001384       0x1c ./Bsp/bsp_beep/bsp_beep.o
 .debug_macro   0x00000000000013a0       0x22 ./Bsp/bsp_beep/bsp_beep.o
 .debug_macro   0x00000000000013c2       0xd9 ./Bsp/bsp_beep/bsp_beep.o
 .debug_macro   0x000000000000149b     0x102d ./Bsp/bsp_beep/bsp_beep.o
 .debug_macro   0x00000000000024c8      0x11f ./Bsp/bsp_beep/bsp_beep.o
 .debug_macro   0x00000000000025e7    0x15e82 ./Bsp/bsp_beep/bsp_beep.o
 .debug_macro   0x0000000000018469       0x6d ./Bsp/bsp_beep/bsp_beep.o
 .debug_macro   0x00000000000184d6     0x367e ./Bsp/bsp_beep/bsp_beep.o
 .debug_macro   0x000000000001bb54      0x174 ./Bsp/bsp_beep/bsp_beep.o
 .debug_macro   0x000000000001bcc8       0x5c ./Bsp/bsp_beep/bsp_beep.o
 .debug_macro   0x000000000001bd24      0x96b ./Bsp/bsp_beep/bsp_beep.o
 .debug_macro   0x000000000001c68f      0x9fe ./Bsp/bsp_beep/bsp_beep.o
 .debug_macro   0x000000000001d08d      0x115 ./Bsp/bsp_beep/bsp_beep.o
 .debug_macro   0x000000000001d1a2      0x13e ./Bsp/bsp_beep/bsp_beep.o
 .debug_macro   0x000000000001d2e0       0xa5 ./Bsp/bsp_beep/bsp_beep.o
 .debug_macro   0x000000000001d385      0x174 ./Bsp/bsp_beep/bsp_beep.o
 .debug_macro   0x000000000001d4f9      0x287 ./Bsp/bsp_beep/bsp_beep.o
 .debug_macro   0x000000000001d780       0x5f ./Bsp/bsp_beep/bsp_beep.o
 .debug_macro   0x000000000001d7df      0x236 ./Bsp/bsp_beep/bsp_beep.o
 .debug_macro   0x000000000001da15      0x12c ./Bsp/bsp_beep/bsp_beep.o
 .debug_macro   0x000000000001db41      0x21e ./Bsp/bsp_beep/bsp_beep.o
 .debug_macro   0x000000000001dd5f       0x2e ./Bsp/bsp_beep/bsp_beep.o
 .debug_macro   0x000000000001dd8d      0x11a ./Bsp/bsp_beep/bsp_beep.o
 .debug_macro   0x000000000001dea7       0x7e ./Bsp/bsp_beep/bsp_beep.o
 .debug_macro   0x000000000001df25       0x89 ./Bsp/bsp_beep/bsp_beep.o
 .debug_macro   0x000000000001dfae      0x12d ./Bsp/bsp_beep/bsp_beep.o
 .debug_macro   0x000000000001e0db       0x28 ./Bsp/bsp_beep/bsp_beep.o
 .debug_macro   0x000000000001e103      0x1d3 ./Bsp/bsp_power/bsp_power.o
 .debug_macro   0x000000000001e2d6      0x1c9 ./Core/Src/gpio.o
 .debug_macro   0x000000000001e49f      0x1e1 ./Core/Src/main.o
 .debug_macro   0x000000000001e680      0x1bf ./Core/Src/stm32f4xx_hal_msp.o
 .debug_macro   0x000000000001e83f      0x1c9 ./Core/Src/stm32f4xx_it.o
 .debug_macro   0x000000000001ea08      0x1b0 ./Core/Src/system_stm32f4xx.o
 .debug_macro   0x000000000001ebb8      0x210 ./Drivers/STM32F4xx_HAL_Driver/Src/stm32f4xx_hal.o
 .debug_macro   0x000000000001edc8      0x1b0 ./Drivers/STM32F4xx_HAL_Driver/Src/stm32f4xx_hal_cortex.o
 .debug_macro   0x000000000001ef78      0x1b6 ./Drivers/STM32F4xx_HAL_Driver/Src/stm32f4xx_hal_gpio.o
 .debug_macro   0x000000000001f12e      0x1d4 ./Drivers/STM32F4xx_HAL_Driver/Src/stm32f4xx_hal_rcc.o

.debug_line     0x0000000000000000     0x69ef
 .debug_line    0x0000000000000000      0x7d6 ./Bsp/bsp_beep/bsp_beep.o
 .debug_line    0x00000000000007d6      0x7c2 ./Bsp/bsp_power/bsp_power.o
 .debug_line    0x0000000000000f98      0x7c4 ./Core/Src/gpio.o
 .debug_line    0x000000000000175c      0x86d ./Core/Src/main.o
 .debug_line    0x0000000000001fc9      0x796 ./Core/Src/stm32f4xx_hal_msp.o
 .debug_line    0x000000000000275f      0x859 ./Core/Src/stm32f4xx_it.o
 .debug_line    0x0000000000002fb8      0x818 ./Core/Src/system_stm32f4xx.o
 .debug_line    0x00000000000037d0       0x88 ./Core/Startup/startup_stm32f407zetx.o
 .debug_line    0x0000000000003858      0xa7e ./Drivers/STM32F4xx_HAL_Driver/Src/stm32f4xx_hal.o
 .debug_line    0x00000000000042d6      0xd2d ./Drivers/STM32F4xx_HAL_Driver/Src/stm32f4xx_hal_cortex.o
 .debug_line    0x0000000000005003      0xbf2 ./Drivers/STM32F4xx_HAL_Driver/Src/stm32f4xx_hal_gpio.o
 .debug_line    0x0000000000005bf5      0xdfa ./Drivers/STM32F4xx_HAL_Driver/Src/stm32f4xx_hal_rcc.o

.debug_str      0x0000000000000000    0xbbef6
 .debug_str     0x0000000000000000    0xba799 ./Bsp/bsp_beep/bsp_beep.o
                                      0xbaa02 (size before relaxing)
 .debug_str     0x00000000000ba799       0x58 ./Bsp/bsp_power/bsp_power.o
                                      0xba9fa (size before relaxing)
 .debug_str     0x00000000000ba7f1      0x162 ./Core/Src/gpio.o
                                      0xbab0e (size before relaxing)
 .debug_str     0x00000000000ba953      0x1cd ./Core/Src/main.o
                                      0xbac68 (size before relaxing)
 .debug_str     0x00000000000bab20       0x2c ./Core/Src/stm32f4xx_hal_msp.o
                                      0xbaa43 (size before relaxing)
 .debug_str     0x00000000000bab4c       0xc9 ./Core/Src/stm32f4xx_it.o
                                      0xba9c9 (size before relaxing)
 .debug_str     0x00000000000bac15       0xdb ./Core/Src/system_stm32f4xx.o
                                      0xbaa6d (size before relaxing)
 .debug_str     0x00000000000bacf0       0x36 ./Core/Startup/startup_stm32f407zetx.o
                                         0x6a (size before relaxing)
 .debug_str     0x00000000000bad26      0xb07 ./Drivers/STM32F4xx_HAL_Driver/Src/stm32f4xx_hal.o
                                      0xbb5f1 (size before relaxing)
 .debug_str     0x00000000000bb82d      0x365 ./Drivers/STM32F4xx_HAL_Driver/Src/stm32f4xx_hal_cortex.o
                                      0xbb324 (size before relaxing)
 .debug_str     0x00000000000bbb92      0x131 ./Drivers/STM32F4xx_HAL_Driver/Src/stm32f4xx_hal_gpio.o
                                      0xbabe8 (size before relaxing)
 .debug_str     0x00000000000bbcc3      0x233 ./Drivers/STM32F4xx_HAL_Driver/Src/stm32f4xx_hal_rcc.o
                                      0xbaea1 (size before relaxing)

.comment        0x0000000000000000       0x50
 .comment       0x0000000000000000       0x50 ./Bsp/bsp_beep/bsp_beep.o
                                         0x51 (size before relaxing)
 .comment       0x0000000000000050       0x51 ./Bsp/bsp_power/bsp_power.o
 .comment       0x0000000000000050       0x51 ./Core/Src/gpio.o
 .comment       0x0000000000000050       0x51 ./Core/Src/main.o
 .comment       0x0000000000000050       0x51 ./Core/Src/stm32f4xx_hal_msp.o
 .comment       0x0000000000000050       0x51 ./Core/Src/stm32f4xx_it.o
 .comment       0x0000000000000050       0x51 ./Core/Src/system_stm32f4xx.o
 .comment       0x0000000000000050       0x51 ./Drivers/STM32F4xx_HAL_Driver/Src/stm32f4xx_hal.o
 .comment       0x0000000000000050       0x51 ./Drivers/STM32F4xx_HAL_Driver/Src/stm32f4xx_hal_cortex.o
 .comment       0x0000000000000050       0x51 ./Drivers/STM32F4xx_HAL_Driver/Src/stm32f4xx_hal_gpio.o
 .comment       0x0000000000000050       0x51 ./Drivers/STM32F4xx_HAL_Driver/Src/stm32f4xx_hal_rcc.o

.debug_frame    0x0000000000000000      0xed4
 .debug_frame   0x0000000000000000       0x64 ./Bsp/bsp_beep/bsp_beep.o
 .debug_frame   0x0000000000000064       0x48 ./Bsp/bsp_power/bsp_power.o
 .debug_frame   0x00000000000000ac       0x34 ./Core/Src/gpio.o
 .debug_frame   0x00000000000000e0       0x68 ./Core/Src/main.o
 .debug_frame   0x0000000000000148       0x38 ./Core/Src/stm32f4xx_hal_msp.o
 .debug_frame   0x0000000000000180      0x104 ./Core/Src/stm32f4xx_it.o
 .debug_frame   0x0000000000000284       0x58 ./Core/Src/system_stm32f4xx.o
 .debug_frame   0x00000000000002dc      0x374 ./Drivers/STM32F4xx_HAL_Driver/Src/stm32f4xx_hal.o
 .debug_frame   0x0000000000000650      0x498 ./Drivers/STM32F4xx_HAL_Driver/Src/stm32f4xx_hal_cortex.o
 .debug_frame   0x0000000000000ae8      0x14c ./Drivers/STM32F4xx_HAL_Driver/Src/stm32f4xx_hal_gpio.o
 .debug_frame   0x0000000000000c34      0x1f4 ./Drivers/STM32F4xx_HAL_Driver/Src/stm32f4xx_hal_rcc.o
 .debug_frame   0x0000000000000e28       0x2c e:/sortware/stmicroelectronics/stm32cube/stm32cubeide_1.11.2/stm32cubeide/plugins/com.st.stm32cube.ide.mcu.externaltools.gnu-tools-for-stm32.10.3-2021.10.win32_1.0.100.202210260954/tools/bin/../lib/gcc/arm-none-eabi/10.3.1/../../../../arm-none-eabi/lib/thumb/v7e-m+fp/hard\libc_nano.a(lib_a-init.o)
 .debug_frame   0x0000000000000e54       0x20 e:/sortware/stmicroelectronics/stm32cube/stm32cubeide_1.11.2/stm32cubeide/plugins/com.st.stm32cube.ide.mcu.externaltools.gnu-tools-for-stm32.10.3-2021.10.win32_1.0.100.202210260954/tools/bin/../lib/gcc/arm-none-eabi/10.3.1/../../../../arm-none-eabi/lib/thumb/v7e-m+fp/hard\libc_nano.a(lib_a-memset.o)
 .debug_frame   0x0000000000000e74       0x2c e:/sortware/stmicroelectronics/stm32cube/stm32cubeide_1.11.2/stm32cubeide/plugins/com.st.stm32cube.ide.mcu.externaltools.gnu-tools-for-stm32.10.3-2021.10.win32_1.0.100.202210260954/tools/bin/../lib/gcc/arm-none-eabi/10.3.1/thumb/v7e-m+fp/hard\libgcc.a(_aeabi_uldivmod.o)
 .debug_frame   0x0000000000000ea0       0x34 e:/sortware/stmicroelectronics/stm32cube/stm32cubeide_1.11.2/stm32cubeide/plugins/com.st.stm32cube.ide.mcu.externaltools.gnu-tools-for-stm32.10.3-2021.10.win32_1.0.100.202210260954/tools/bin/../lib/gcc/arm-none-eabi/10.3.1/thumb/v7e-m+fp/hard\libgcc.a(_udivmoddi4.o)
