../User/wit_c_sdk/wit_c_sdk.c:61:17:__CRC16	32	static
../User/wit_c_sdk/wit_c_sdk.c:77:16:__CaliSum	24	static
../User/wit_c_sdk/wit_c_sdk.c:84:9:WitSerialWriteRegister	16	static
../User/wit_c_sdk/wit_c_sdk.c:90:13:CopeWitData	48	static
../User/wit_c_sdk/wit_c_sdk.c:132:6:WitSerialDataIn	32	static
../User/wit_c_sdk/wit_c_sdk.c:199:9:WitI2cFuncRegister	16	static
../User/wit_c_sdk/wit_c_sdk.c:207:9:WitCanWriteRegister	16	static
../User/wit_c_sdk/wit_c_sdk.c:213:6:WitCanDataIn	24	static
../User/wit_c_sdk/wit_c_sdk.c:233:9:WitRegisterCallBack	16	static
../User/wit_c_sdk/wit_c_sdk.c:239:9:WitWriteReg	40	static
../User/wit_c_sdk/wit_c_sdk.c:291:9:WitReadReg	40	static
../User/wit_c_sdk/wit_c_sdk.c:355:9:WitInit	16	static
../User/wit_c_sdk/wit_c_sdk.c:363:6:WitDeInit	4	static
../User/wit_c_sdk/wit_c_sdk.c:375:9:WitDelayMsRegister	16	static
../User/wit_c_sdk/wit_c_sdk.c:382:6:CheckRange	16	static
../User/wit_c_sdk/wit_c_sdk.c:388:9:WitStartAccCali	8	static
../User/wit_c_sdk/wit_c_sdk.c:400:9:WitStopAccCali	8	static
../User/wit_c_sdk/wit_c_sdk.c:410:9:WitStartMagCali	8	static
../User/wit_c_sdk/wit_c_sdk.c:419:9:WitStopMagCali	8	static
../User/wit_c_sdk/wit_c_sdk.c:429:9:WitSetUartBaud	16	static
../User/wit_c_sdk/wit_c_sdk.c:443:9:WitSetCanBaud	16	static
../User/wit_c_sdk/wit_c_sdk.c:457:9:WitSetBandwidth	16	static
../User/wit_c_sdk/wit_c_sdk.c:472:9:WitSetOutputRate	16	static
../User/wit_c_sdk/wit_c_sdk.c:487:9:WitSetContent	16	static
