Archive member included to satisfy reference by file (symbol)

e:/sortware/stmicroelectronics/stm32cube/stm32cubeide_1.11.2/stm32cubeide/plugins/com.st.stm32cube.ide.mcu.externaltools.gnu-tools-for-stm32.10.3-2021.10.win32_1.0.200.202301161003/tools/bin/../lib/gcc/arm-none-eabi/10.3.1/../../../../arm-none-eabi/lib/thumb/v7e-m+fp/hard\libc_nano.a(lib_a-errno.o)
                              ./Core/Src/syscalls.o (__errno)
e:/sortware/stmicroelectronics/stm32cube/stm32cubeide_1.11.2/stm32cubeide/plugins/com.st.stm32cube.ide.mcu.externaltools.gnu-tools-for-stm32.10.3-2021.10.win32_1.0.200.202301161003/tools/bin/../lib/gcc/arm-none-eabi/10.3.1/../../../../arm-none-eabi/lib/thumb/v7e-m+fp/hard\libc_nano.a(lib_a-exit.o)
                              e:/sortware/stmicroelectronics/stm32cube/stm32cubeide_1.11.2/stm32cubeide/plugins/com.st.stm32cube.ide.mcu.externaltools.gnu-tools-for-stm32.10.3-2021.10.win32_1.0.200.202301161003/tools/bin/../lib/gcc/arm-none-eabi/10.3.1/../../../../arm-none-eabi/lib/thumb/v7e-m+fp/hard/crt0.o (exit)
e:/sortware/stmicroelectronics/stm32cube/stm32cubeide_1.11.2/stm32cubeide/plugins/com.st.stm32cube.ide.mcu.externaltools.gnu-tools-for-stm32.10.3-2021.10.win32_1.0.200.202301161003/tools/bin/../lib/gcc/arm-none-eabi/10.3.1/../../../../arm-none-eabi/lib/thumb/v7e-m+fp/hard\libc_nano.a(lib_a-impure.o)
                              e:/sortware/stmicroelectronics/stm32cube/stm32cubeide_1.11.2/stm32cubeide/plugins/com.st.stm32cube.ide.mcu.externaltools.gnu-tools-for-stm32.10.3-2021.10.win32_1.0.200.202301161003/tools/bin/../lib/gcc/arm-none-eabi/10.3.1/../../../../arm-none-eabi/lib/thumb/v7e-m+fp/hard\libc_nano.a(lib_a-exit.o) (_global_impure_ptr)
e:/sortware/stmicroelectronics/stm32cube/stm32cubeide_1.11.2/stm32cubeide/plugins/com.st.stm32cube.ide.mcu.externaltools.gnu-tools-for-stm32.10.3-2021.10.win32_1.0.200.202301161003/tools/bin/../lib/gcc/arm-none-eabi/10.3.1/../../../../arm-none-eabi/lib/thumb/v7e-m+fp/hard\libc_nano.a(lib_a-init.o)
                              e:/sortware/stmicroelectronics/stm32cube/stm32cubeide_1.11.2/stm32cubeide/plugins/com.st.stm32cube.ide.mcu.externaltools.gnu-tools-for-stm32.10.3-2021.10.win32_1.0.200.202301161003/tools/bin/../lib/gcc/arm-none-eabi/10.3.1/../../../../arm-none-eabi/lib/thumb/v7e-m+fp/hard/crt0.o (__libc_init_array)
e:/sortware/stmicroelectronics/stm32cube/stm32cubeide_1.11.2/stm32cubeide/plugins/com.st.stm32cube.ide.mcu.externaltools.gnu-tools-for-stm32.10.3-2021.10.win32_1.0.200.202301161003/tools/bin/../lib/gcc/arm-none-eabi/10.3.1/../../../../arm-none-eabi/lib/thumb/v7e-m+fp/hard\libc_nano.a(lib_a-memset.o)
                              e:/sortware/stmicroelectronics/stm32cube/stm32cubeide_1.11.2/stm32cubeide/plugins/com.st.stm32cube.ide.mcu.externaltools.gnu-tools-for-stm32.10.3-2021.10.win32_1.0.200.202301161003/tools/bin/../lib/gcc/arm-none-eabi/10.3.1/../../../../arm-none-eabi/lib/thumb/v7e-m+fp/hard/crt0.o (memset)
e:/sortware/stmicroelectronics/stm32cube/stm32cubeide_1.11.2/stm32cubeide/plugins/com.st.stm32cube.ide.mcu.externaltools.gnu-tools-for-stm32.10.3-2021.10.win32_1.0.200.202301161003/tools/bin/../lib/gcc/arm-none-eabi/10.3.1/../../../../arm-none-eabi/lib/thumb/v7e-m+fp/hard\libc_nano.a(lib_a-printf.o)
                              ./Core/Src/main.o (printf)
e:/sortware/stmicroelectronics/stm32cube/stm32cubeide_1.11.2/stm32cubeide/plugins/com.st.stm32cube.ide.mcu.externaltools.gnu-tools-for-stm32.10.3-2021.10.win32_1.0.200.202301161003/tools/bin/../lib/gcc/arm-none-eabi/10.3.1/../../../../arm-none-eabi/lib/thumb/v7e-m+fp/hard\libc_nano.a(lib_a-puts.o)
                              ./Core/Src/main.o (puts)
e:/sortware/stmicroelectronics/stm32cube/stm32cubeide_1.11.2/stm32cubeide/plugins/com.st.stm32cube.ide.mcu.externaltools.gnu-tools-for-stm32.10.3-2021.10.win32_1.0.200.202301161003/tools/bin/../lib/gcc/arm-none-eabi/10.3.1/../../../../arm-none-eabi/lib/thumb/v7e-m+fp/hard\libc_nano.a(lib_a-wbuf.o)
                              e:/sortware/stmicroelectronics/stm32cube/stm32cubeide_1.11.2/stm32cubeide/plugins/com.st.stm32cube.ide.mcu.externaltools.gnu-tools-for-stm32.10.3-2021.10.win32_1.0.200.202301161003/tools/bin/../lib/gcc/arm-none-eabi/10.3.1/../../../../arm-none-eabi/lib/thumb/v7e-m+fp/hard\libc_nano.a(lib_a-puts.o) (__swbuf_r)
e:/sortware/stmicroelectronics/stm32cube/stm32cubeide_1.11.2/stm32cubeide/plugins/com.st.stm32cube.ide.mcu.externaltools.gnu-tools-for-stm32.10.3-2021.10.win32_1.0.200.202301161003/tools/bin/../lib/gcc/arm-none-eabi/10.3.1/../../../../arm-none-eabi/lib/thumb/v7e-m+fp/hard\libc_nano.a(lib_a-wsetup.o)
                              e:/sortware/stmicroelectronics/stm32cube/stm32cubeide_1.11.2/stm32cubeide/plugins/com.st.stm32cube.ide.mcu.externaltools.gnu-tools-for-stm32.10.3-2021.10.win32_1.0.200.202301161003/tools/bin/../lib/gcc/arm-none-eabi/10.3.1/../../../../arm-none-eabi/lib/thumb/v7e-m+fp/hard\libc_nano.a(lib_a-puts.o) (__swsetup_r)
[...]
Memory Configuration

Name             Origin             Length             Attributes
CCMRAM           0x0000000010000000 0x0000000000010000 xrw
RAM              0x0000000020000000 0x0000000000020000 xrw
FLASH            0x0000000008000000 0x0000000000080000 xr
*default*        0x0000000000000000 0xffffffffffffffff

Linker script and memory map

LOAD e:/sortware/stmicroelectronics/stm32cube/stm32cubeide_1.11.2/stm32cubeide/plugins/com.st.stm32cube.ide.mcu.externaltools.gnu-tools-for-stm32.10.3-2021.10.win32_1.0.200.202301161003/tools/bin/../lib/gcc/arm-none-eabi/10.3.1/thumb/v7e-m+fp/hard/crti.o
LOAD e:/sortware/stmicroelectronics/stm32cube/stm32cubeide_1.11.2/stm32cubeide/plugins/com.st.stm32cube.ide.mcu.externaltools.gnu-tools-for-stm32.10.3-2021.10.win32_1.0.200.202301161003/tools/bin/../lib/gcc/arm-none-eabi/10.3.1/thumb/v7e-m+fp/hard/crtbegin.o
LOAD e:/sortware/stmicroelectronics/stm32cube/stm32cubeide_1.11.2/stm32cubeide/plugins/com.st.stm32cube.ide.mcu.externaltools.gnu-tools-for-stm32.10.3-2021.10.win32_1.0.200.202301161003/tools/bin/../lib/gcc/arm-none-eabi/10.3.1/../../../../arm-none-eabi/lib/thumb/v7e-m+fp/hard/crt0.o
LOAD ./Bsp/bsp_beep/bsp_beep.o
LOAD ./Bsp/bsp_power/bsp_power.o
LOAD ./Bsp/bsp_uart/bsp_fifo.o
LOAD ./Bsp/bsp_uart/bsp_uart.o
LOAD ./Core/Src/dma.o
LOAD ./Core/Src/gpio.o
LOAD ./Core/Src/main.o
LOAD ./Core/Src/stm32f4xx_hal_msp.o
LOAD ./Core/Src/stm32f4xx_it.o
LOAD ./Core/Src/syscalls.o
LOAD ./Core/Src/sysmem.o
LOAD ./Core/Src/system_stm32f4xx.o
LOAD ./Core/Src/usart.o
LOAD ./Core/Startup/startup_stm32f407zetx.o
LOAD ./Drivers/STM32F4xx_HAL_Driver/Src/stm32f4xx_hal.o
LOAD ./Drivers/STM32F4xx_HAL_Driver/Src/stm32f4xx_hal_cortex.o
LOAD ./Drivers/STM32F4xx_HAL_Driver/Src/stm32f4xx_hal_dma.o
LOAD ./Drivers/STM32F4xx_HAL_Driver/Src/stm32f4xx_hal_dma_ex.o
LOAD ./Drivers/STM32F4xx_HAL_Driver/Src/stm32f4xx_hal_exti.o
LOAD ./Drivers/STM32F4xx_HAL_Driver/Src/stm32f4xx_hal_flash.o
LOAD ./Drivers/STM32F4xx_HAL_Driver/Src/stm32f4xx_hal_flash_ex.o
LOAD ./Drivers/STM32F4xx_HAL_Driver/Src/stm32f4xx_hal_flash_ramfunc.o
LOAD ./Drivers/STM32F4xx_HAL_Driver/Src/stm32f4xx_hal_gpio.o
LOAD ./Drivers/STM32F4xx_HAL_Driver/Src/stm32f4xx_hal_pwr.o
LOAD ./Drivers/STM32F4xx_HAL_Driver/Src/stm32f4xx_hal_pwr_ex.o
LOAD ./Drivers/STM32F4xx_HAL_Driver/Src/stm32f4xx_hal_rcc.o
LOAD ./Drivers/STM32F4xx_HAL_Driver/Src/stm32f4xx_hal_rcc_ex.o
LOAD ./Drivers/STM32F4xx_HAL_Driver/Src/stm32f4xx_hal_tim.o
LOAD ./Drivers/STM32F4xx_HAL_Driver/Src/stm32f4xx_hal_tim_ex.o
LOAD ./Drivers/STM32F4xx_HAL_Driver/Src/stm32f4xx_ll_dma.o
LOAD ./Drivers/STM32F4xx_HAL_Driver/Src/stm32f4xx_ll_exti.o
LOAD ./Drivers/STM32F4xx_HAL_Driver/Src/stm32f4xx_ll_gpio.o
LOAD ./Drivers/STM32F4xx_HAL_Driver/Src/stm32f4xx_ll_rcc.o
LOAD ./Drivers/STM32F4xx_HAL_Driver/Src/stm32f4xx_ll_usart.o
LOAD ./Drivers/STM32F4xx_HAL_Driver/Src/stm32f4xx_ll_utils.o
START GROUP
LOAD e:/sortware/stmicroelectronics/stm32cube/stm32cubeide_1.11.2/stm32cubeide/plugins/com.st.stm32cube.ide.mcu.externaltools.gnu-tools-for-stm32.10.3-2021.10.win32_1.0.200.202301161003/tools/bin/../lib/gcc/arm-none-eabi/10.3.1/../../../../arm-none-eabi/lib/thumb/v7e-m+fp/hard\libc_nano.a
LOAD e:/sortware/stmicroelectronics/stm32cube/stm32cubeide_1.11.2/stm32cubeide/plugins/com.st.stm32cube.ide.mcu.externaltools.gnu-tools-for-stm32.10.3-2021.10.win32_1.0.200.202301161003/tools/bin/../lib/gcc/arm-none-eabi/10.3.1/../../../../arm-none-eabi/lib/thumb/v7e-m+fp/hard\libm.a
END GROUP
START GROUP
LOAD e:/sortware/stmicroelectronics/stm32cube/stm32cubeide_1.11.2/stm32cubeide/plugins/com.st.stm32cube.ide.mcu.externaltools.gnu-tools-for-stm32.10.3-2021.10.win32_1.0.200.202301161003/tools/bin/../lib/gcc/arm-none-eabi/10.3.1/thumb/v7e-m+fp/hard\libgcc.a
LOAD e:/sortware/stmicroelectronics/stm32cube/stm32cubeide_1.11.2/stm32cubeide/plugins/com.st.stm32cube.ide.mcu.externaltools.gnu-tools-for-stm32.10.3-2021.10.win32_1.0.200.202301161003/tools/bin/../lib/gcc/arm-none-eabi/10.3.1/../../../../arm-none-eabi/lib/thumb/v7e-m+fp/hard\libc_nano.a
END GROUP
START GROUP
LOAD e:/sortware/stmicroelectronics/stm32cube/stm32cubeide_1.11.2/stm32cubeide/plugins/com.st.stm32cube.ide.mcu.externaltools.gnu-tools-for-stm32.10.3-2021.10.win32_1.0.200.202301161003/tools/bin/../lib/gcc/arm-none-eabi/10.3.1/thumb/v7e-m+fp/hard\libgcc.a
LOAD e:/sortware/stmicroelectronics/stm32cube/stm32cubeide_1.11.2/stm32cubeide/plugins/com.st.stm32cube.ide.mcu.externaltools.gnu-tools-for-stm32.10.3-2021.10.win32_1.0.200.202301161003/tools/bin/../lib/gcc/arm-none-eabi/10.3.1/../../../../arm-none-eabi/lib/thumb/v7e-m+fp/hard\libc_nano.a
LOAD e:/sortware/stmicroelectronics/stm32cube/stm32cubeide_1.11.2/stm32cubeide/plugins/com.st.stm32cube.ide.mcu.externaltools.gnu-tools-for-stm32.10.3-2021.10.win32_1.0.200.202301161003/tools/bin/../lib/gcc/arm-none-eabi/10.3.1/../../../../arm-none-eabi/lib/thumb/v7e-m+fp/hard\libnosys.a
END GROUP
START GROUP
LOAD e:/sortware/stmicroelectronics/stm32cube/stm32cubeide_1.11.2/stm32cubeide/plugins/com.st.stm32cube.ide.mcu.externaltools.gnu-tools-for-stm32.10.3-2021.10.win32_1.0.200.202301161003/tools/bin/../lib/gcc/arm-none-eabi/10.3.1/thumb/v7e-m+fp/hard\libgcc.a
LOAD e:/sortware/stmicroelectronics/stm32cube/stm32cubeide_1.11.2/stm32cubeide/plugins/com.st.stm32cube.ide.mcu.externaltools.gnu-tools-for-stm32.10.3-2021.10.win32_1.0.200.202301161003/tools/bin/../lib/gcc/arm-none-eabi/10.3.1/../../../../arm-none-eabi/lib/thumb/v7e-m+fp/hard\libc_nano.a
LOAD e:/sortware/stmicroelectronics/stm32cube/stm32cubeide_1.11.2/stm32cubeide/plugins/com.st.stm32cube.ide.mcu.externaltools.gnu-tools-for-stm32.10.3-2021.10.win32_1.0.200.202301161003/tools/bin/../lib/gcc/arm-none-eabi/10.3.1/../../../../arm-none-eabi/lib/thumb/v7e-m+fp/hard\libnosys.a
END GROUP
LOAD e:/sortware/stmicroelectronics/stm32cube/stm32cubeide_1.11.2/stm32cubeide/plugins/com.st.stm32cube.ide.mcu.externaltools.gnu-tools-for-stm32.10.3-2021.10.win32_1.0.200.202301161003/tools/bin/../lib/gcc/arm-none-eabi/10.3.1/thumb/v7e-m+fp/hard/crtend.o
LOAD e:/sortware/stmicroelectronics/stm32cube/stm32cubeide_1.11.2/stm32cubeide/plugins/com.st.stm32cube.ide.mcu.externaltools.gnu-tools-for-stm32.10.3-2021.10.win32_1.0.200.202301161003/tools/bin/../lib/gcc/arm-none-eabi/10.3.1/thumb/v7e-m+fp/hard/crtn.o
                0x0000000020020000                _estack = (ORIGIN (RAM) + LENGTH (RAM))
                0x0000000000000200                _Min_Heap_Size = 0x200
                0x0000000000000400                _Min_Stack_Size = 0x400

.isr_vector     0x0000000008000000      0x188
                0x0000000008000000                . = ALIGN (0x4)
 *(.isr_vector)
 .isr_vector    0x0000000008000000      0x188 ./Core/Startup/startup_stm32f407zetx.o
                0x0000000008000000                g_pfnVectors
                0x0000000008000188                . = ALIGN (0x4)

.text           0x0000000008000190     0x3ec8
                0x0000000008000190                . = ALIGN (0x4)
 *(.text)
 .text          0x0000000008000190       0x40 e:/sortware/stmicroelectronics/stm32cube/stm32cubeide_1.11.2/stm32cubeide/plugins/com.st.stm32cube.ide.mcu.externaltools.gnu-tools-for-stm32.10.3-2021.10.win32_1.0.200.202301161003/tools/bin/../lib/gcc/arm-none-eabi/10.3.1/thumb/v7e-m+fp/hard/crtbegin.o
 .text          0x00000000080001d0       0xa0 e:/sortware/stmicroelectronics/stm32cube/stm32cubeide_1.11.2/stm32cubeide/plugins/com.st.stm32cube.ide.mcu.externaltools.gnu-tools-for-stm32.10.3-2021.10.win32_1.0.200.202301161003/tools/bin/../lib/gcc/arm-none-eabi/10.3.1/../../../../arm-none-eabi/lib/thumb/v7e-m+fp/hard\libc_nano.a(lib_a-memchr.o)
                0x00000000080001d0                memchr
 .text          0x0000000008000270       0x30 e:/sortware/stmicroelectronics/stm32cube/stm32cubeide_1.11.2/stm32cubeide/plugins/com.st.stm32cube.ide.mcu.externaltools.gnu-tools-for-stm32.10.3-2021.10.win32_1.0.200.202301161003/tools/bin/../lib/gcc/arm-none-eabi/10.3.1/thumb/v7e-m+fp/hard\libgcc.a(_aeabi_uldivmod.o)
                0x0000000008000270                __aeabi_uldivmod
 .text          0x00000000080002a0      0x2d0 e:/sortware/stmicroelectronics/stm32cube/stm32cubeide_1.11.2/stm32cubeide/plugins/com.st.stm32cube.ide.mcu.externaltools.gnu-tools-for-stm32.10.3-2021.10.win32_1.0.200.202301161003/tools/bin/../lib/gcc/arm-none-eabi/10.3.1/thumb/v7e-m+fp/hard\libgcc.a(_udivmoddi4.o)
                0x00000000080002a0                __udivmoddi4
 .text          0x0000000008000570        0x4 e:/sortware/stmicroelectronics/stm32cube/stm32cubeide_1.11.2/stm32cubeide/plugins/com.st.stm32cube.ide.mcu.externaltools.gnu-tools-for-stm32.10.3-2021.10.win32_1.0.200.202301161003/tools/bin/../lib/gcc/arm-none-eabi/10.3.1/thumb/v7e-m+fp/hard\libgcc.a(_dvmd_tls.o)
                0x0000000008000570                __aeabi_idiv0
                0x0000000008000570                __aeabi_ldiv0
 *(.text*)
 .text.LL_DMA_EnableStream
                0x0000000008000574       0x40 ./Bsp/bsp_uart/bsp_uart.o
 .text.LL_DMA_DisableStream
                0x00000000080005b4       0x40 ./Bsp/bsp_uart/bsp_uart.o
 .text.LL_DMA_SetDataLength
                0x00000000080005f4       0x48 ./Bsp/bsp_uart/bsp_uart.o
 .text.LL_DMA_GetDataLength
                0x000000000800063c       0x2c ./Bsp/bsp_uart/bsp_uart.o
 .text.LL_DMA_SetMemoryAddress
                0x0000000008000668       0x30 ./Bsp/bsp_uart/bsp_uart.o
 .text.LL_DMA_SetPeriphAddress
                0x0000000008000698       0x30 ./Bsp/bsp_uart/bsp_uart.o
 .text.LL_DMA_ClearFlag_TC1
                0x00000000080006c8       0x1c ./Bsp/bsp_uart/bsp_uart.o
 .text.LL_USART_IsActiveFlag_IDLE
                0x00000000080006e4       0x26 ./Bsp/bsp_uart/bsp_uart.o
 .text.LL_USART_IsActiveFlag_TC
                0x000000000800070a       0x26 ./Bsp/bsp_uart/bsp_uart.o
 .text.LL_USART_ClearFlag_IDLE
                0x0000000008000730       0x24 ./Bsp/bsp_uart/bsp_uart.o
 .text.LL_USART_ClearFlag_TC
                0x0000000008000754       0x1c ./Bsp/bsp_uart/bsp_uart.o
 .text.LL_USART_EnableIT_IDLE
                0x0000000008000770       0x46 ./Bsp/bsp_uart/bsp_uart.o
 .text.LL_USART_EnableDMAReq_RX
                0x00000000080007b6       0x46 ./Bsp/bsp_uart/bsp_uart.o
 .text.LL_USART_TransmitData8
                0x00000000080007fc       0x1e ./Bsp/bsp_uart/bsp_uart.o
 *fill*         0x000000000800081a        0x2 
 .text.__io_putchar
                0x000000000800081c       0x30 ./Bsp/bsp_uart/bsp_uart.o
                0x000000000800081c                __io_putchar
 .text.__irq_lock
                0x000000000800084c       0x12 ./Bsp/bsp_uart/bsp_uart.o
 .text.__irq_unlock
                0x000000000800085e       0x12 ./Bsp/bsp_uart/bsp_uart.o
 .text.bsp_uart_init
                0x0000000008000870       0x60 ./Bsp/bsp_uart/bsp_uart.o
                0x0000000008000870                bsp_uart_init
 .text.bsp_uart_rx_clear
                0x00000000080008d0       0x34 ./Bsp/bsp_uart/bsp_uart.o
                0x00000000080008d0                bsp_uart_rx_clear
 .text.USER_UART3_IRQHandler
                0x0000000008000904       0x50 ./Bsp/bsp_uart/bsp_uart.o
                0x0000000008000904                USER_UART3_IRQHandler
 .text.__NVIC_GetPriorityGrouping
                0x0000000008000954       0x1c ./Core/Src/dma.o
 .text.__NVIC_EnableIRQ
                0x0000000008000970       0x3c ./Core/Src/dma.o
 .text.__NVIC_SetPriority
                0x00000000080009ac       0x54 ./Core/Src/dma.o
 .text.NVIC_EncodePriority
                0x0000000008000a00       0x66 ./Core/Src/dma.o
 *fill*         0x0000000008000a66        0x2 
 .text.LL_AHB1_GRP1_EnableClock
                0x0000000008000a68       0x30 ./Core/Src/dma.o
 .text.MX_DMA_Init
                0x0000000008000a98       0x30 ./Core/Src/dma.o
                0x0000000008000a98                MX_DMA_Init
 .text.MX_GPIO_Init
                0x0000000008000ac8      0x14c ./Core/Src/gpio.o
                0x0000000008000ac8                MX_GPIO_Init
 .text.LL_DMA_EnableStream
                0x0000000008000c14       0x40 ./Core/Src/main.o
 .text.LL_DMA_SetDataLength
                0x0000000008000c54       0x48 ./Core/Src/main.o
 .text.main     0x0000000008000c9c       0x64 ./Core/Src/main.o
                0x0000000008000c9c                main
 .text.SystemClock_Config
                0x0000000008000d00       0xd4 ./Core/Src/main.o
                0x0000000008000d00                SystemClock_Config
 .text.Error_Handler
                0x0000000008000dd4        0xa ./Core/Src/main.o
                0x0000000008000dd4                Error_Handler
 *fill*         0x0000000008000dde        0x2 
 .text.HAL_MspInit
                0x0000000008000de0       0x50 ./Core/Src/stm32f4xx_hal_msp.o
                0x0000000008000de0                HAL_MspInit
 .text.NMI_Handler
                0x0000000008000e30        0x6 ./Core/Src/stm32f4xx_it.o
                0x0000000008000e30                NMI_Handler
 .text.HardFault_Handler
                0x0000000008000e36        0x6 ./Core/Src/stm32f4xx_it.o
                0x0000000008000e36                HardFault_Handler
 .text.MemManage_Handler
                0x0000000008000e3c        0x6 ./Core/Src/stm32f4xx_it.o
                0x0000000008000e3c                MemManage_Handler
 .text.BusFault_Handler
                0x0000000008000e42        0x6 ./Core/Src/stm32f4xx_it.o
                0x0000000008000e42                BusFault_Handler
 .text.UsageFault_Handler
                0x0000000008000e48        0x6 ./Core/Src/stm32f4xx_it.o
                0x0000000008000e48                UsageFault_Handler
 .text.SVC_Handler
                0x0000000008000e4e        0xe ./Core/Src/stm32f4xx_it.o
                0x0000000008000e4e                SVC_Handler
 .text.DebugMon_Handler
                0x0000000008000e5c        0xe ./Core/Src/stm32f4xx_it.o
                0x0000000008000e5c                DebugMon_Handler
 .text.PendSV_Handler
                0x0000000008000e6a        0xe ./Core/Src/stm32f4xx_it.o
                0x0000000008000e6a                PendSV_Handler
 .text.SysTick_Handler
                0x0000000008000e78        0xc ./Core/Src/stm32f4xx_it.o
                0x0000000008000e78                SysTick_Handler
 .text.DMA1_Stream1_IRQHandler
                0x0000000008000e84        0xe ./Core/Src/stm32f4xx_it.o
                0x0000000008000e84                DMA1_Stream1_IRQHandler
 .text.USART3_IRQHandler
                0x0000000008000e92        0xc ./Core/Src/stm32f4xx_it.o
                0x0000000008000e92                USART3_IRQHandler
 .text._read    0x0000000008000e9e       0x3a ./Core/Src/syscalls.o
                0x0000000008000e9e                _read
 .text._write   0x0000000008000ed8       0x38 ./Core/Src/syscalls.o
                0x0000000008000ed8                _write
 .text._close   0x0000000008000f10       0x18 ./Core/Src/syscalls.o
                0x0000000008000f10                _close
 .text._fstat   0x0000000008000f28       0x20 ./Core/Src/syscalls.o
                0x0000000008000f28                _fstat
 .text._isatty  0x0000000008000f48       0x16 ./Core/Src/syscalls.o
                0x0000000008000f48                _isatty
 .text._lseek   0x0000000008000f5e       0x1a ./Core/Src/syscalls.o
                0x0000000008000f5e                _lseek
 .text._sbrk    0x0000000008000f78       0x6c ./Core/Src/sysmem.o
                0x0000000008000f78                _sbrk
 .text.SystemInit
                0x0000000008000fe4       0x24 ./Core/Src/system_stm32f4xx.o
                0x0000000008000fe4                SystemInit
 .text.__NVIC_GetPriorityGrouping
                0x0000000008001008       0x1c ./Core/Src/usart.o
 .text.__NVIC_EnableIRQ
                0x0000000008001024       0x3c ./Core/Src/usart.o
 .text.__NVIC_SetPriority
                0x0000000008001060       0x54 ./Core/Src/usart.o
 .text.NVIC_EncodePriority
                0x00000000080010b4       0x66 ./Core/Src/usart.o
 *fill*         0x000000000800111a        0x2 
 .text.LL_DMA_SetDataTransferDirection
                0x000000000800111c       0x48 ./Core/Src/usart.o
 .text.LL_DMA_SetMode
                0x0000000008001164       0x48 ./Core/Src/usart.o
 .text.LL_DMA_SetPeriphIncMode
                0x00000000080011ac       0x48 ./Core/Src/usart.o
 .text.LL_DMA_SetMemoryIncMode
                0x00000000080011f4       0x48 ./Core/Src/usart.o
 .text.LL_DMA_SetPeriphSize
                0x000000000800123c       0x48 ./Core/Src/usart.o
 .text.LL_DMA_SetMemorySize
                0x0000000008001284       0x48 ./Core/Src/usart.o
 .text.LL_DMA_SetStreamPriorityLevel
                0x00000000080012cc       0x48 ./Core/Src/usart.o
 .text.LL_DMA_SetChannelSelection
                0x0000000008001314       0x48 ./Core/Src/usart.o
 .text.LL_DMA_DisableFifoMode
                0x000000000800135c       0x40 ./Core/Src/usart.o
 .text.LL_USART_Enable
                0x000000000800139c       0x20 ./Core/Src/usart.o
 .text.LL_USART_ConfigAsyncMode
                0x00000000080013bc       0x2c ./Core/Src/usart.o
 .text.LL_AHB1_GRP1_EnableClock
                0x00000000080013e8       0x30 ./Core/Src/usart.o
 .text.LL_APB1_GRP1_EnableClock
                0x0000000008001418       0x30 ./Core/Src/usart.o
 .text.MX_USART3_UART_Init
                0x0000000008001448      0x124 ./Core/Src/usart.o
                0x0000000008001448                MX_USART3_UART_Init
 .text.Reset_Handler
                0x000000000800156c       0x50 ./Core/Startup/startup_stm32f407zetx.o
                0x000000000800156c                Reset_Handler
 .text.Default_Handler
                0x00000000080015bc        0x2 ./Core/Startup/startup_stm32f407zetx.o
                0x00000000080015bc                RTC_Alarm_IRQHandler
                0x00000000080015bc                HASH_RNG_IRQHandler
                0x00000000080015bc                EXTI2_IRQHandler
                0x00000000080015bc                TIM8_CC_IRQHandler
                0x00000000080015bc                TIM1_CC_IRQHandler
                0x00000000080015bc                DMA2_Stream5_IRQHandler
                0x00000000080015bc                DMA1_Stream5_IRQHandler
                0x00000000080015bc                PVD_IRQHandler
                0x00000000080015bc                SDIO_IRQHandler
                0x00000000080015bc                TAMP_STAMP_IRQHandler
                0x00000000080015bc                CAN2_RX1_IRQHandler
                0x00000000080015bc                EXTI3_IRQHandler
                0x00000000080015bc                TIM8_TRG_COM_TIM14_IRQHandler
                0x00000000080015bc                TIM1_UP_TIM10_IRQHandler
                0x00000000080015bc                TIM8_UP_TIM13_IRQHandler
                0x00000000080015bc                I2C3_ER_IRQHandler
                0x00000000080015bc                EXTI0_IRQHandler
                0x00000000080015bc                I2C2_EV_IRQHandler
                0x00000000080015bc                DMA1_Stream2_IRQHandler
                0x00000000080015bc                CAN1_RX0_IRQHandler
                0x00000000080015bc                FPU_IRQHandler
                0x00000000080015bc                OTG_HS_WKUP_IRQHandler
                0x00000000080015bc                CAN2_SCE_IRQHandler
                0x00000000080015bc                DMA2_Stream2_IRQHandler
                0x00000000080015bc                SPI1_IRQHandler
                0x00000000080015bc                TIM6_DAC_IRQHandler
                0x00000000080015bc                TIM1_BRK_TIM9_IRQHandler
                0x00000000080015bc                DCMI_IRQHandler
                0x00000000080015bc                CAN2_RX0_IRQHandler
                0x00000000080015bc                DMA2_Stream3_IRQHandler
                0x00000000080015bc                USART6_IRQHandler
                0x00000000080015bc                CAN1_RX1_IRQHandler
                0x00000000080015bc                UART5_IRQHandler
                0x00000000080015bc                DMA2_Stream0_IRQHandler
                0x00000000080015bc                TIM4_IRQHandler
                0x00000000080015bc                I2C1_EV_IRQHandler
                0x00000000080015bc                DMA1_Stream6_IRQHandler
                0x00000000080015bc                UART4_IRQHandler
                0x00000000080015bc                TIM3_IRQHandler
                0x00000000080015bc                RCC_IRQHandler
                0x00000000080015bc                TIM8_BRK_TIM12_IRQHandler
                0x00000000080015bc                Default_Handler
                0x00000000080015bc                EXTI15_10_IRQHandler
                0x00000000080015bc                ADC_IRQHandler
                0x00000000080015bc                DMA1_Stream7_IRQHandler
                0x00000000080015bc                TIM7_IRQHandler
                0x00000000080015bc                CAN2_TX_IRQHandler
                0x00000000080015bc                TIM5_IRQHandler
                0x00000000080015bc                DMA2_Stream7_IRQHandler
                0x00000000080015bc                I2C3_EV_IRQHandler
                0x00000000080015bc                EXTI9_5_IRQHandler
                0x00000000080015bc                RTC_WKUP_IRQHandler
                0x00000000080015bc                ETH_WKUP_IRQHandler
                0x00000000080015bc                SPI2_IRQHandler
                0x00000000080015bc                OTG_HS_EP1_IN_IRQHandler
                0x00000000080015bc                DMA1_Stream0_IRQHandler
                0x00000000080015bc                CAN1_TX_IRQHandler
                0x00000000080015bc                EXTI4_IRQHandler
                0x00000000080015bc                FSMC_IRQHandler
                0x00000000080015bc                ETH_IRQHandler
                0x00000000080015bc                OTG_HS_EP1_OUT_IRQHandler
                0x00000000080015bc                WWDG_IRQHandler
                0x00000000080015bc                TIM2_IRQHandler
                0x00000000080015bc                OTG_FS_WKUP_IRQHandler
                0x00000000080015bc                TIM1_TRG_COM_TIM11_IRQHandler
                0x00000000080015bc                OTG_HS_IRQHandler
                0x00000000080015bc                EXTI1_IRQHandler
                0x00000000080015bc                USART2_IRQHandler
                0x00000000080015bc                I2C2_ER_IRQHandler
                0x00000000080015bc                DMA2_Stream1_IRQHandler
                0x00000000080015bc                CAN1_SCE_IRQHandler
                0x00000000080015bc                FLASH_IRQHandler
                0x00000000080015bc                DMA2_Stream4_IRQHandler
                0x00000000080015bc                USART1_IRQHandler
                0x00000000080015bc                OTG_FS_IRQHandler
                0x00000000080015bc                SPI3_IRQHandler
                0x00000000080015bc                DMA1_Stream4_IRQHandler
                0x00000000080015bc                I2C1_ER_IRQHandler
                0x00000000080015bc                DMA2_Stream6_IRQHandler
                0x00000000080015bc                DMA1_Stream3_IRQHandler
 *fill*         0x00000000080015be        0x2 
 .text.HAL_Init
                0x00000000080015c0       0x44 ./Drivers/STM32F4xx_HAL_Driver/Src/stm32f4xx_hal.o
                0x00000000080015c0                HAL_Init
 .text.HAL_InitTick
                0x0000000008001604       0x60 ./Drivers/STM32F4xx_HAL_Driver/Src/stm32f4xx_hal.o
                0x0000000008001604                HAL_InitTick
 .text.HAL_IncTick
                0x0000000008001664       0x28 ./Drivers/STM32F4xx_HAL_Driver/Src/stm32f4xx_hal.o
                0x0000000008001664                HAL_IncTick
 .text.HAL_GetTick
                0x000000000800168c       0x18 ./Drivers/STM32F4xx_HAL_Driver/Src/stm32f4xx_hal.o
                0x000000000800168c                HAL_GetTick
 .text.__NVIC_SetPriorityGrouping
                0x00000000080016a4       0x48 ./Drivers/STM32F4xx_HAL_Driver/Src/stm32f4xx_hal_cortex.o
 .text.__NVIC_GetPriorityGrouping
                0x00000000080016ec       0x1c ./Drivers/STM32F4xx_HAL_Driver/Src/stm32f4xx_hal_cortex.o
 .text.__NVIC_SetPriority
                0x0000000008001708       0x54 ./Drivers/STM32F4xx_HAL_Driver/Src/stm32f4xx_hal_cortex.o
 .text.NVIC_EncodePriority
                0x000000000800175c       0x66 ./Drivers/STM32F4xx_HAL_Driver/Src/stm32f4xx_hal_cortex.o
 *fill*         0x00000000080017c2        0x2 
 .text.SysTick_Config
                0x00000000080017c4       0x44 ./Drivers/STM32F4xx_HAL_Driver/Src/stm32f4xx_hal_cortex.o
 .text.HAL_NVIC_SetPriorityGrouping
                0x0000000008001808       0x16 ./Drivers/STM32F4xx_HAL_Driver/Src/stm32f4xx_hal_cortex.o
                0x0000000008001808                HAL_NVIC_SetPriorityGrouping
 .text.HAL_NVIC_SetPriority
                0x000000000800181e       0x38 ./Drivers/STM32F4xx_HAL_Driver/Src/stm32f4xx_hal_cortex.o
                0x000000000800181e                HAL_NVIC_SetPriority
 .text.HAL_SYSTICK_Config
                0x0000000008001856       0x18 ./Drivers/STM32F4xx_HAL_Driver/Src/stm32f4xx_hal_cortex.o
                0x0000000008001856                HAL_SYSTICK_Config
 *fill*         0x000000000800186e        0x2 
 .text.HAL_GPIO_Init
                0x0000000008001870      0x338 ./Drivers/STM32F4xx_HAL_Driver/Src/stm32f4xx_hal_gpio.o
                0x0000000008001870                HAL_GPIO_Init
 .text.HAL_GPIO_WritePin
                0x0000000008001ba8       0x32 ./Drivers/STM32F4xx_HAL_Driver/Src/stm32f4xx_hal_gpio.o
                0x0000000008001ba8                HAL_GPIO_WritePin
 *fill*         0x0000000008001bda        0x2 
 .text.HAL_RCC_OscConfig
                0x0000000008001bdc      0x4f0 ./Drivers/STM32F4xx_HAL_Driver/Src/stm32f4xx_hal_rcc.o
                0x0000000008001bdc                HAL_RCC_OscConfig
 .text.HAL_RCC_ClockConfig
                0x00000000080020cc      0x1cc ./Drivers/STM32F4xx_HAL_Driver/Src/stm32f4xx_hal_rcc.o
                0x00000000080020cc                HAL_RCC_ClockConfig
 .text.HAL_RCC_GetSysClockFreq
                0x0000000008002298      0x20c ./Drivers/STM32F4xx_HAL_Driver/Src/stm32f4xx_hal_rcc.o
                0x0000000008002298                HAL_RCC_GetSysClockFreq
 .text.LL_GPIO_SetPinMode
                0x00000000080024a4       0x5e ./Drivers/STM32F4xx_HAL_Driver/Src/stm32f4xx_ll_gpio.o
 .text.LL_GPIO_SetPinOutputType
                0x0000000008002502       0x30 ./Drivers/STM32F4xx_HAL_Driver/Src/stm32f4xx_ll_gpio.o
 .text.LL_GPIO_SetPinSpeed
                0x0000000008002532       0x5e ./Drivers/STM32F4xx_HAL_Driver/Src/stm32f4xx_ll_gpio.o
 .text.LL_GPIO_SetPinPull
                0x0000000008002590       0x5e ./Drivers/STM32F4xx_HAL_Driver/Src/stm32f4xx_ll_gpio.o
 .text.LL_GPIO_SetAFPin_0_7
                0x00000000080025ee       0x5e ./Drivers/STM32F4xx_HAL_Driver/Src/stm32f4xx_ll_gpio.o
 .text.LL_GPIO_SetAFPin_8_15
                0x000000000800264c       0x62 ./Drivers/STM32F4xx_HAL_Driver/Src/stm32f4xx_ll_gpio.o
 .text.LL_GPIO_Init
                0x00000000080026ae       0xe6 ./Drivers/STM32F4xx_HAL_Driver/Src/stm32f4xx_ll_gpio.o
                0x00000000080026ae                LL_GPIO_Init
 .text.LL_RCC_GetSysClkSource
                0x0000000008002794       0x1c ./Drivers/STM32F4xx_HAL_Driver/Src/stm32f4xx_ll_rcc.o
 .text.LL_RCC_GetAHBPrescaler
                0x00000000080027b0       0x1c ./Drivers/STM32F4xx_HAL_Driver/Src/stm32f4xx_ll_rcc.o
 .text.LL_RCC_GetAPB1Prescaler
                0x00000000080027cc       0x1c ./Drivers/STM32F4xx_HAL_Driver/Src/stm32f4xx_ll_rcc.o
 .text.LL_RCC_GetAPB2Prescaler
                0x00000000080027e8       0x1c ./Drivers/STM32F4xx_HAL_Driver/Src/stm32f4xx_ll_rcc.o
 .text.LL_RCC_PLL_GetMainSource
                0x0000000008002804       0x1c ./Drivers/STM32F4xx_HAL_Driver/Src/stm32f4xx_ll_rcc.o
 .text.LL_RCC_PLL_GetN
                0x0000000008002820       0x1c ./Drivers/STM32F4xx_HAL_Driver/Src/stm32f4xx_ll_rcc.o
 .text.LL_RCC_PLL_GetP
                0x000000000800283c       0x1c ./Drivers/STM32F4xx_HAL_Driver/Src/stm32f4xx_ll_rcc.o
 .text.LL_RCC_PLL_GetDivider
                0x0000000008002858       0x1c ./Drivers/STM32F4xx_HAL_Driver/Src/stm32f4xx_ll_rcc.o
 .text.LL_RCC_GetSystemClocksFreq
                0x0000000008002874       0x4a ./Drivers/STM32F4xx_HAL_Driver/Src/stm32f4xx_ll_rcc.o
                0x0000000008002874                LL_RCC_GetSystemClocksFreq
 *fill*         0x00000000080028be        0x2 
 .text.RCC_GetSystemClockFreq
                0x00000000080028c0       0x50 ./Drivers/STM32F4xx_HAL_Driver/Src/stm32f4xx_ll_rcc.o
                0x00000000080028c0                RCC_GetSystemClockFreq
 .text.RCC_GetHCLKClockFreq
                0x0000000008002910       0x2c ./Drivers/STM32F4xx_HAL_Driver/Src/stm32f4xx_ll_rcc.o
                0x0000000008002910                RCC_GetHCLKClockFreq
 .text.RCC_GetPCLK1ClockFreq
                0x000000000800293c       0x28 ./Drivers/STM32F4xx_HAL_Driver/Src/stm32f4xx_ll_rcc.o
                0x000000000800293c                RCC_GetPCLK1ClockFreq
 .text.RCC_GetPCLK2ClockFreq
                0x0000000008002964       0x28 ./Drivers/STM32F4xx_HAL_Driver/Src/stm32f4xx_ll_rcc.o
                0x0000000008002964                RCC_GetPCLK2ClockFreq
 .text.RCC_PLL_GetFreqDomain_SYS
                0x000000000800298c       0x7c ./Drivers/STM32F4xx_HAL_Driver/Src/stm32f4xx_ll_rcc.o
                0x000000000800298c                RCC_PLL_GetFreqDomain_SYS
 .text.LL_USART_IsEnabled
                0x0000000008002a08       0x28 ./Drivers/STM32F4xx_HAL_Driver/Src/stm32f4xx_ll_usart.o
 .text.LL_USART_SetStopBitsLength
                0x0000000008002a30       0x26 ./Drivers/STM32F4xx_HAL_Driver/Src/stm32f4xx_ll_usart.o
 .text.LL_USART_SetHWFlowCtrl
                0x0000000008002a56       0x26 ./Drivers/STM32F4xx_HAL_Driver/Src/stm32f4xx_ll_usart.o
 .text.LL_USART_SetBaudRate
                0x0000000008002a7c      0x458 ./Drivers/STM32F4xx_HAL_Driver/Src/stm32f4xx_ll_usart.o
 .text.LL_USART_Init
                0x0000000008002ed4      0x100 ./Drivers/STM32F4xx_HAL_Driver/Src/stm32f4xx_ll_usart.o
                0x0000000008002ed4                LL_USART_Init
 .text.__errno  0x0000000008002fd4        0xc e:/sortware/stmicroelectronics/stm32cube/stm32cubeide_1.11.2/stm32cubeide/plugins/com.st.stm32cube.ide.mcu.externaltools.gnu-tools-for-stm32.10.3-2021.10.win32_1.0.200.202301161003/tools/bin/../lib/gcc/arm-none-eabi/10.3.1/../../../../arm-none-eabi/lib/thumb/v7e-m+fp/hard\libc_nano.a(lib_a-errno.o)
                0x0000000008002fd4                __errno
 .text.__libc_init_array
                0x0000000008002fe0       0x48 e:/sortware/stmicroelectronics/stm32cube/stm32cubeide_1.11.2/stm32cubeide/plugins/com.st.stm32cube.ide.mcu.externaltools.gnu-tools-for-stm32.10.3-2021.10.win32_1.0.200.202301161003/tools/bin/../lib/gcc/arm-none-eabi/10.3.1/../../../../arm-none-eabi/lib/thumb/v7e-m+fp/hard\libc_nano.a(lib_a-init.o)
                0x0000000008002fe0                __libc_init_array
 .text.memset   0x0000000008003028       0x10 e:/sortware/stmicroelectronics/stm32cube/stm32cubeide_1.11.2/stm32cubeide/plugins/com.st.stm32cube.ide.mcu.externaltools.gnu-tools-for-stm32.10.3-2021.10.win32_1.0.200.202301161003/tools/bin/../lib/gcc/arm-none-eabi/10.3.1/../../../../arm-none-eabi/lib/thumb/v7e-m+fp/hard\libc_nano.a(lib_a-memset.o)
                0x0000000008003028                memset
 .text.printf   0x0000000008003038       0x30 e:/sortware/stmicroelectronics/stm32cube/stm32cubeide_1.11.2/stm32cubeide/plugins/com.st.stm32cube.ide.mcu.externaltools.gnu-tools-for-stm32.10.3-2021.10.win32_1.0.200.202301161003/tools/bin/../lib/gcc/arm-none-eabi/10.3.1/../../../../arm-none-eabi/lib/thumb/v7e-m+fp/hard\libc_nano.a(lib_a-printf.o)
                0x0000000008003038                iprintf
                0x0000000008003038                printf
 .text._puts_r  0x0000000008003068       0xdc e:/sortware/stmicroelectronics/stm32cube/stm32cubeide_1.11.2/stm32cubeide/plugins/com.st.stm32cube.ide.mcu.externaltools.gnu-tools-for-stm32.10.3-2021.10.win32_1.0.200.202301161003/tools/bin/../lib/gcc/arm-none-eabi/10.3.1/../../../../arm-none-eabi/lib/thumb/v7e-m+fp/hard\libc_nano.a(lib_a-puts.o)
                0x0000000008003068                _puts_r
 .text.puts     0x0000000008003144       0x10 e:/sortware/stmicroelectronics/stm32cube/stm32cubeide_1.11.2/stm32cubeide/plugins/com.st.stm32cube.ide.mcu.externaltools.gnu-tools-for-stm32.10.3-2021.10.win32_1.0.200.202301161003/tools/bin/../lib/gcc/arm-none-eabi/10.3.1/../../../../arm-none-eabi/lib/thumb/v7e-m+fp/hard\libc_nano.a(lib_a-puts.o)
                0x0000000008003144                puts
 .text.__swbuf_r
                0x0000000008003154       0xa4 e:/sortware/stmicroelectronics/stm32cube/stm32cubeide_1.11.2/stm32cubeide/plugins/com.st.stm32cube.ide.mcu.externaltools.gnu-tools-for-stm32.10.3-2021.10.win32_1.0.200.202301161003/tools/bin/../lib/gcc/arm-none-eabi/10.3.1/../../../../arm-none-eabi/lib/thumb/v7e-m+fp/hard\libc_nano.a(lib_a-wbuf.o)
                0x0000000008003154                __swbuf_r
 .text.__swsetup_r
                0x00000000080031f8       0xdc e:/sortware/stmicroelectronics/stm32cube/stm32cubeide_1.11.2/stm32cubeide/plugins/com.st.stm32cube.ide.mcu.externaltools.gnu-tools-for-stm32.10.3-2021.10.win32_1.0.200.202301161003/tools/bin/../lib/gcc/arm-none-eabi/10.3.1/../../../../arm-none-eabi/lib/thumb/v7e-m+fp/hard\libc_nano.a(lib_a-wsetup.o)
                0x00000000080031f8                __swsetup_r
 .text.__sflush_r
                0x00000000080032d4      0x10c e:/sortware/stmicroelectronics/stm32cube/stm32cubeide_1.11.2/stm32cubeide/plugins/com.st.stm32cube.ide.mcu.externaltools.gnu-tools-for-stm32.10.3-2021.10.win32_1.0.200.202301161003/tools/bin/../lib/gcc/arm-none-eabi/10.3.1/../../../../arm-none-eabi/lib/thumb/v7e-m+fp/hard\libc_nano.a(lib_a-fflush.o)
                0x00000000080032d4                __sflush_r
 .text._fflush_r
                0x00000000080033e0       0x78 e:/sortware/stmicroelectronics/stm32cube/stm32cubeide_1.11.2/stm32cubeide/plugins/com.st.stm32cube.ide.mcu.externaltools.gnu-tools-for-stm32.10.3-2021.10.win32_1.0.200.202301161003/tools/bin/../lib/gcc/arm-none-eabi/10.3.1/../../../../arm-none-eabi/lib/thumb/v7e-m+fp/hard\libc_nano.a(lib_a-fflush.o)
                0x00000000080033e0                _fflush_r
 .text.std      0x0000000008003458       0x48 e:/sortware/stmicroelectronics/stm32cube/stm32cubeide_1.11.2/stm32cubeide/plugins/com.st.stm32cube.ide.mcu.externaltools.gnu-tools-for-stm32.10.3-2021.10.win32_1.0.200.202301161003/tools/bin/../lib/gcc/arm-none-eabi/10.3.1/../../../../arm-none-eabi/lib/thumb/v7e-m+fp/hard\libc_nano.a(lib_a-findfp.o)
 .text._cleanup_r
                0x00000000080034a0        0xc e:/sortware/stmicroelectronics/stm32cube/stm32cubeide_1.11.2/stm32cubeide/plugins/com.st.stm32cube.ide.mcu.externaltools.gnu-tools-for-stm32.10.3-2021.10.win32_1.0.200.202301161003/tools/bin/../lib/gcc/arm-none-eabi/10.3.1/../../../../arm-none-eabi/lib/thumb/v7e-m+fp/hard\libc_nano.a(lib_a-findfp.o)
                0x00000000080034a0                _cleanup_r
 .text.__sfmoreglue
                0x00000000080034ac       0x2c e:/sortware/stmicroelectronics/stm32cube/stm32cubeide_1.11.2/stm32cubeide/plugins/com.st.stm32cube.ide.mcu.externaltools.gnu-tools-for-stm32.10.3-2021.10.win32_1.0.200.202301161003/tools/bin/../lib/gcc/arm-none-eabi/10.3.1/../../../../arm-none-eabi/lib/thumb/v7e-m+fp/hard\libc_nano.a(lib_a-findfp.o)
                0x00000000080034ac                __sfmoreglue
 .text.__sfp_lock_acquire
                0x00000000080034d8        0xc e:/sortware/stmicroelectronics/stm32cube/stm32cubeide_1.11.2/stm32cubeide/plugins/com.st.stm32cube.ide.mcu.externaltools.gnu-tools-for-stm32.10.3-2021.10.win32_1.0.200.202301161003/tools/bin/../lib/gcc/arm-none-eabi/10.3.1/../../../../arm-none-eabi/lib/thumb/v7e-m+fp/hard\libc_nano.a(lib_a-findfp.o)
                0x00000000080034d8                __sfp_lock_acquire
 .text.__sfp_lock_release
                0x00000000080034e4        0xc e:/sortware/stmicroelectronics/stm32cube/stm32cubeide_1.11.2/stm32cubeide/plugins/com.st.stm32cube.ide.mcu.externaltools.gnu-tools-for-stm32.10.3-2021.10.win32_1.0.200.202301161003/tools/bin/../lib/gcc/arm-none-eabi/10.3.1/../../../../arm-none-eabi/lib/thumb/v7e-m+fp/hard\libc_nano.a(lib_a-findfp.o)
                0x00000000080034e4                __sfp_lock_release
 .text.__sinit_lock_acquire
                0x00000000080034f0        0xc e:/sortware/stmicroelectronics/stm32cube/stm32cubeide_1.11.2/stm32cubeide/plugins/com.st.stm32cube.ide.mcu.externaltools.gnu-tools-for-stm32.10.3-2021.10.win32_1.0.200.202301161003/tools/bin/../lib/gcc/arm-none-eabi/10.3.1/../../../../arm-none-eabi/lib/thumb/v7e-m+fp/hard\libc_nano.a(lib_a-findfp.o)
                0x00000000080034f0                __sinit_lock_acquire
 .text.__sinit_lock_release
                0x00000000080034fc        0xc e:/sortware/stmicroelectronics/stm32cube/stm32cubeide_1.11.2/stm32cubeide/plugins/com.st.stm32cube.ide.mcu.externaltools.gnu-tools-for-stm32.10.3-2021.10.win32_1.0.200.202301161003/tools/bin/../lib/gcc/arm-none-eabi/10.3.1/../../../../arm-none-eabi/lib/thumb/v7e-m+fp/hard\libc_nano.a(lib_a-findfp.o)
                0x00000000080034fc                __sinit_lock_release
 .text.__sinit  0x0000000008003508       0x70 e:/sortware/stmicroelectronics/stm32cube/stm32cubeide_1.11.2/stm32cubeide/plugins/com.st.stm32cube.ide.mcu.externaltools.gnu-tools-for-stm32.10.3-2021.10.win32_1.0.200.202301161003/tools/bin/../lib/gcc/arm-none-eabi/10.3.1/../../../../arm-none-eabi/lib/thumb/v7e-m+fp/hard\libc_nano.a(lib_a-findfp.o)
                0x0000000008003508                __sinit
 .text.__sfp    0x0000000008003578       0x8c e:/sortware/stmicroelectronics/stm32cube/stm32cubeide_1.11.2/stm32cubeide/plugins/com.st.stm32cube.ide.mcu.externaltools.gnu-tools-for-stm32.10.3-2021.10.win32_1.0.200.202301161003/tools/bin/../lib/gcc/arm-none-eabi/10.3.1/../../../../arm-none-eabi/lib/thumb/v7e-m+fp/hard\libc_nano.a(lib_a-findfp.o)
                0x0000000008003578                __sfp
 .text._fwalk_reent
                0x0000000008003604       0x3e e:/sortware/stmicroelectronics/stm32cube/stm32cubeide_1.11.2/stm32cubeide/plugins/com.st.stm32cube.ide.mcu.externaltools.gnu-tools-for-stm32.10.3-2021.10.win32_1.0.200.202301161003/tools/bin/../lib/gcc/arm-none-eabi/10.3.1/../../../../arm-none-eabi/lib/thumb/v7e-m+fp/hard\libc_nano.a(lib_a-fwalk.o)
                0x0000000008003604                _fwalk_reent
 .text.__retarget_lock_init_recursive
                0x0000000008003642        0x2 e:/sortware/stmicroelectronics/stm32cube/stm32cubeide_1.11.2/stm32cubeide/plugins/com.st.stm32cube.ide.mcu.externaltools.gnu-tools-for-stm32.10.3-2021.10.win32_1.0.200.202301161003/tools/bin/../lib/gcc/arm-none-eabi/10.3.1/../../../../arm-none-eabi/lib/thumb/v7e-m+fp/hard\libc_nano.a(lib_a-lock.o)
                0x0000000008003642                __retarget_lock_init_recursive
 .text.__retarget_lock_acquire_recursive
                0x0000000008003644        0x2 e:/sortware/stmicroelectronics/stm32cube/stm32cubeide_1.11.2/stm32cubeide/plugins/com.st.stm32cube.ide.mcu.externaltools.gnu-tools-for-stm32.10.3-2021.10.win32_1.0.200.202301161003/tools/bin/../lib/gcc/arm-none-eabi/10.3.1/../../../../arm-none-eabi/lib/thumb/v7e-m+fp/hard\libc_nano.a(lib_a-lock.o)
                0x0000000008003644                __retarget_lock_acquire_recursive
 .text.__retarget_lock_release_recursive
                0x0000000008003646        0x2 e:/sortware/stmicroelectronics/stm32cube/stm32cubeide_1.11.2/stm32cubeide/plugins/com.st.stm32cube.ide.mcu.externaltools.gnu-tools-for-stm32.10.3-2021.10.win32_1.0.200.202301161003/tools/bin/../lib/gcc/arm-none-eabi/10.3.1/../../../../arm-none-eabi/lib/thumb/v7e-m+fp/hard\libc_nano.a(lib_a-lock.o)
                0x0000000008003646                __retarget_lock_release_recursive
 .text.__swhatbuf_r
                0x0000000008003648       0x4a e:/sortware/stmicroelectronics/stm32cube/stm32cubeide_1.11.2/stm32cubeide/plugins/com.st.stm32cube.ide.mcu.externaltools.gnu-tools-for-stm32.10.3-2021.10.win32_1.0.200.202301161003/tools/bin/../lib/gcc/arm-none-eabi/10.3.1/../../../../arm-none-eabi/lib/thumb/v7e-m+fp/hard\libc_nano.a(lib_a-makebuf.o)
                0x0000000008003648                __swhatbuf_r
 *fill*         0x0000000008003692        0x2 
 .text.__smakebuf_r
                0x0000000008003694       0x80 e:/sortware/stmicroelectronics/stm32cube/stm32cubeide_1.11.2/stm32cubeide/plugins/com.st.stm32cube.ide.mcu.externaltools.gnu-tools-for-stm32.10.3-2021.10.win32_1.0.200.202301161003/tools/bin/../lib/gcc/arm-none-eabi/10.3.1/../../../../arm-none-eabi/lib/thumb/v7e-m+fp/hard\libc_nano.a(lib_a-makebuf.o)
                0x0000000008003694                __smakebuf_r
 .text._free_r  0x0000000008003714       0x98 e:/sortware/stmicroelectronics/stm32cube/stm32cubeide_1.11.2/stm32cubeide/plugins/com.st.stm32cube.ide.mcu.externaltools.gnu-tools-for-stm32.10.3-2021.10.win32_1.0.200.202301161003/tools/bin/../lib/gcc/arm-none-eabi/10.3.1/../../../../arm-none-eabi/lib/thumb/v7e-m+fp/hard\libc_nano.a(lib_a-nano-freer.o)
                0x0000000008003714                _free_r
 .text.sbrk_aligned
                0x00000000080037ac       0x40 e:/sortware/stmicroelectronics/stm32cube/stm32cubeide_1.11.2/stm32cubeide/plugins/com.st.stm32cube.ide.mcu.externaltools.gnu-tools-for-stm32.10.3-2021.10.win32_1.0.200.202301161003/tools/bin/../lib/gcc/arm-none-eabi/10.3.1/../../../../arm-none-eabi/lib/thumb/v7e-m+fp/hard\libc_nano.a(lib_a-nano-mallocr.o)
 .text._malloc_r
                0x00000000080037ec       0xe8 e:/sortware/stmicroelectronics/stm32cube/stm32cubeide_1.11.2/stm32cubeide/plugins/com.st.stm32cube.ide.mcu.externaltools.gnu-tools-for-stm32.10.3-2021.10.win32_1.0.200.202301161003/tools/bin/../lib/gcc/arm-none-eabi/10.3.1/../../../../arm-none-eabi/lib/thumb/v7e-m+fp/hard\libc_nano.a(lib_a-nano-mallocr.o)
                0x00000000080037ec                _malloc_r
 .text.__sfputc_r
                0x00000000080038d4       0x2e e:/sortware/stmicroelectronics/stm32cube/stm32cubeide_1.11.2/stm32cubeide/plugins/com.st.stm32cube.ide.mcu.externaltools.gnu-tools-for-stm32.10.3-2021.10.win32_1.0.200.202301161003/tools/bin/../lib/gcc/arm-none-eabi/10.3.1/../../../../arm-none-eabi/lib/thumb/v7e-m+fp/hard\libc_nano.a(lib_a-nano-vfprintf.o)
 .text.__sfputs_r
                0x0000000008003902       0x24 e:/sortware/stmicroelectronics/stm32cube/stm32cubeide_1.11.2/stm32cubeide/plugins/com.st.stm32cube.ide.mcu.externaltools.gnu-tools-for-stm32.10.3-2021.10.win32_1.0.200.202301161003/tools/bin/../lib/gcc/arm-none-eabi/10.3.1/../../../../arm-none-eabi/lib/thumb/v7e-m+fp/hard\libc_nano.a(lib_a-nano-vfprintf.o)
                0x0000000008003902                __sfputs_r
 *fill*         0x0000000008003926        0x2 
 .text._vfprintf_r
                0x0000000008003928      0x260 e:/sortware/stmicroelectronics/stm32cube/stm32cubeide_1.11.2/stm32cubeide/plugins/com.st.stm32cube.ide.mcu.externaltools.gnu-tools-for-stm32.10.3-2021.10.win32_1.0.200.202301161003/tools/bin/../lib/gcc/arm-none-eabi/10.3.1/../../../../arm-none-eabi/lib/thumb/v7e-m+fp/hard\libc_nano.a(lib_a-nano-vfprintf.o)
                0x0000000008003928                _vfprintf_r
                0x0000000008003928                _vfiprintf_r
 .text._printf_common
                0x0000000008003b88       0xda e:/sortware/stmicroelectronics/stm32cube/stm32cubeide_1.11.2/stm32cubeide/plugins/com.st.stm32cube.ide.mcu.externaltools.gnu-tools-for-stm32.10.3-2021.10.win32_1.0.200.202301161003/tools/bin/../lib/gcc/arm-none-eabi/10.3.1/../../../../arm-none-eabi/lib/thumb/v7e-m+fp/hard\libc_nano.a(lib_a-nano-vfprintf_i.o)
                0x0000000008003b88                _printf_common
 *fill*         0x0000000008003c62        0x2 
 .text._printf_i
                0x0000000008003c64      0x24c e:/sortware/stmicroelectronics/stm32cube/stm32cubeide_1.11.2/stm32cubeide/plugins/com.st.stm32cube.ide.mcu.externaltools.gnu-tools-for-stm32.10.3-2021.10.win32_1.0.200.202301161003/tools/bin/../lib/gcc/arm-none-eabi/10.3.1/../../../../arm-none-eabi/lib/thumb/v7e-m+fp/hard\libc_nano.a(lib_a-nano-vfprintf_i.o)
                0x0000000008003c64                _printf_i
 .text._sbrk_r  0x0000000008003eb0       0x20 e:/sortware/stmicroelectronics/stm32cube/stm32cubeide_1.11.2/stm32cubeide/plugins/com.st.stm32cube.ide.mcu.externaltools.gnu-tools-for-stm32.10.3-2021.10.win32_1.0.200.202301161003/tools/bin/../lib/gcc/arm-none-eabi/10.3.1/../../../../arm-none-eabi/lib/thumb/v7e-m+fp/hard\libc_nano.a(lib_a-sbrkr.o)
                0x0000000008003eb0                _sbrk_r
 .text.__sread  0x0000000008003ed0       0x22 e:/sortware/stmicroelectronics/stm32cube/stm32cubeide_1.11.2/stm32cubeide/plugins/com.st.stm32cube.ide.mcu.externaltools.gnu-tools-for-stm32.10.3-2021.10.win32_1.0.200.202301161003/tools/bin/../lib/gcc/arm-none-eabi/10.3.1/../../../../arm-none-eabi/lib/thumb/v7e-m+fp/hard\libc_nano.a(lib_a-stdio.o)
                0x0000000008003ed0                __sread
 .text.__swrite
                0x0000000008003ef2       0x38 e:/sortware/stmicroelectronics/stm32cube/stm32cubeide_1.11.2/stm32cubeide/plugins/com.st.stm32cube.ide.mcu.externaltools.gnu-tools-for-stm32.10.3-2021.10.win32_1.0.200.202301161003/tools/bin/../lib/gcc/arm-none-eabi/10.3.1/../../../../arm-none-eabi/lib/thumb/v7e-m+fp/hard\libc_nano.a(lib_a-stdio.o)
                0x0000000008003ef2                __swrite
 .text.__sseek  0x0000000008003f2a       0x24 e:/sortware/stmicroelectronics/stm32cube/stm32cubeide_1.11.2/stm32cubeide/plugins/com.st.stm32cube.ide.mcu.externaltools.gnu-tools-for-stm32.10.3-2021.10.win32_1.0.200.202301161003/tools/bin/../lib/gcc/arm-none-eabi/10.3.1/../../../../arm-none-eabi/lib/thumb/v7e-m+fp/hard\libc_nano.a(lib_a-stdio.o)
                0x0000000008003f2a                __sseek
 .text.__sclose
                0x0000000008003f4e        0x8 e:/sortware/stmicroelectronics/stm32cube/stm32cubeide_1.11.2/stm32cubeide/plugins/com.st.stm32cube.ide.mcu.externaltools.gnu-tools-for-stm32.10.3-2021.10.win32_1.0.200.202301161003/tools/bin/../lib/gcc/arm-none-eabi/10.3.1/../../../../arm-none-eabi/lib/thumb/v7e-m+fp/hard\libc_nano.a(lib_a-stdio.o)
                0x0000000008003f4e                __sclose
 *fill*         0x0000000008003f56        0x2 
 .text._write_r
                0x0000000008003f58       0x24 e:/sortware/stmicroelectronics/stm32cube/stm32cubeide_1.11.2/stm32cubeide/plugins/com.st.stm32cube.ide.mcu.externaltools.gnu-tools-for-stm32.10.3-2021.10.win32_1.0.200.202301161003/tools/bin/../lib/gcc/arm-none-eabi/10.3.1/../../../../arm-none-eabi/lib/thumb/v7e-m+fp/hard\libc_nano.a(lib_a-writer.o)
                0x0000000008003f58                _write_r
 .text._close_r
                0x0000000008003f7c       0x20 e:/sortware/stmicroelectronics/stm32cube/stm32cubeide_1.11.2/stm32cubeide/plugins/com.st.stm32cube.ide.mcu.externaltools.gnu-tools-for-stm32.10.3-2021.10.win32_1.0.200.202301161003/tools/bin/../lib/gcc/arm-none-eabi/10.3.1/../../../../arm-none-eabi/lib/thumb/v7e-m+fp/hard\libc_nano.a(lib_a-closer.o)
                0x0000000008003f7c                _close_r
 .text._fstat_r
                0x0000000008003f9c       0x24 e:/sortware/stmicroelectronics/stm32cube/stm32cubeide_1.11.2/stm32cubeide/plugins/com.st.stm32cube.ide.mcu.externaltools.gnu-tools-for-stm32.10.3-2021.10.win32_1.0.200.202301161003/tools/bin/../lib/gcc/arm-none-eabi/10.3.1/../../../../arm-none-eabi/lib/thumb/v7e-m+fp/hard\libc_nano.a(lib_a-fstatr.o)
                0x0000000008003f9c                _fstat_r
 .text._isatty_r
                0x0000000008003fc0       0x20 e:/sortware/stmicroelectronics/stm32cube/stm32cubeide_1.11.2/stm32cubeide/plugins/com.st.stm32cube.ide.mcu.externaltools.gnu-tools-for-stm32.10.3-2021.10.win32_1.0.200.202301161003/tools/bin/../lib/gcc/arm-none-eabi/10.3.1/../../../../arm-none-eabi/lib/thumb/v7e-m+fp/hard\libc_nano.a(lib_a-isattyr.o)
                0x0000000008003fc0                _isatty_r
 .text._lseek_r
                0x0000000008003fe0       0x24 e:/sortware/stmicroelectronics/stm32cube/stm32cubeide_1.11.2/stm32cubeide/plugins/com.st.stm32cube.ide.mcu.externaltools.gnu-tools-for-stm32.10.3-2021.10.win32_1.0.200.202301161003/tools/bin/../lib/gcc/arm-none-eabi/10.3.1/../../../../arm-none-eabi/lib/thumb/v7e-m+fp/hard\libc_nano.a(lib_a-lseekr.o)
                0x0000000008003fe0                _lseek_r
 .text.__malloc_lock
                0x0000000008004004        0xc e:/sortware/stmicroelectronics/stm32cube/stm32cubeide_1.11.2/stm32cubeide/plugins/com.st.stm32cube.ide.mcu.externaltools.gnu-tools-for-stm32.10.3-2021.10.win32_1.0.200.202301161003/tools/bin/../lib/gcc/arm-none-eabi/10.3.1/../../../../arm-none-eabi/lib/thumb/v7e-m+fp/hard\libc_nano.a(lib_a-mlock.o)
                0x0000000008004004                __malloc_lock
 .text.__malloc_unlock
                0x0000000008004010        0xc e:/sortware/stmicroelectronics/stm32cube/stm32cubeide_1.11.2/stm32cubeide/plugins/com.st.stm32cube.ide.mcu.externaltools.gnu-tools-for-stm32.10.3-2021.10.win32_1.0.200.202301161003/tools/bin/../lib/gcc/arm-none-eabi/10.3.1/../../../../arm-none-eabi/lib/thumb/v7e-m+fp/hard\libc_nano.a(lib_a-mlock.o)
                0x0000000008004010                __malloc_unlock
 .text._read_r  0x000000000800401c       0x24 e:/sortware/stmicroelectronics/stm32cube/stm32cubeide_1.11.2/stm32cubeide/plugins/com.st.stm32cube.ide.mcu.externaltools.gnu-tools-for-stm32.10.3-2021.10.win32_1.0.200.202301161003/tools/bin/../lib/gcc/arm-none-eabi/10.3.1/../../../../arm-none-eabi/lib/thumb/v7e-m+fp/hard\libc_nano.a(lib_a-readr.o)
                0x000000000800401c                _read_r
 *(.glue_7)
 .glue_7        0x0000000008004040        0x0 linker stubs
 *(.glue_7t)
 .glue_7t       0x0000000008004040        0x0 linker stubs
 *(.eh_frame)
 .eh_frame      0x0000000008004040        0x0 e:/sortware/stmicroelectronics/stm32cube/stm32cubeide_1.11.2/stm32cubeide/plugins/com.st.stm32cube.ide.mcu.externaltools.gnu-tools-for-stm32.10.3-2021.10.win32_1.0.200.202301161003/tools/bin/../lib/gcc/arm-none-eabi/10.3.1/thumb/v7e-m+fp/hard/crtbegin.o
 *(.init)
 .init          0x0000000008004040        0x4 e:/sortware/stmicroelectronics/stm32cube/stm32cubeide_1.11.2/stm32cubeide/plugins/com.st.stm32cube.ide.mcu.externaltools.gnu-tools-for-stm32.10.3-2021.10.win32_1.0.200.202301161003/tools/bin/../lib/gcc/arm-none-eabi/10.3.1/thumb/v7e-m+fp/hard/crti.o
                0x0000000008004040                _init
 .init          0x0000000008004044        0x8 e:/sortware/stmicroelectronics/stm32cube/stm32cubeide_1.11.2/stm32cubeide/plugins/com.st.stm32cube.ide.mcu.externaltools.gnu-tools-for-stm32.10.3-2021.10.win32_1.0.200.202301161003/tools/bin/../lib/gcc/arm-none-eabi/10.3.1/thumb/v7e-m+fp/hard/crtn.o
 *(.fini)
 .fini          0x000000000800404c        0x4 e:/sortware/stmicroelectronics/stm32cube/stm32cubeide_1.11.2/stm32cubeide/plugins/com.st.stm32cube.ide.mcu.externaltools.gnu-tools-for-stm32.10.3-2021.10.win32_1.0.200.202301161003/tools/bin/../lib/gcc/arm-none-eabi/10.3.1/thumb/v7e-m+fp/hard/crti.o
                0x000000000800404c                _fini
 .fini          0x0000000008004050        0x8 e:/sortware/stmicroelectronics/stm32cube/stm32cubeide_1.11.2/stm32cubeide/plugins/com.st.stm32cube.ide.mcu.externaltools.gnu-tools-for-stm32.10.3-2021.10.win32_1.0.200.202301161003/tools/bin/../lib/gcc/arm-none-eabi/10.3.1/thumb/v7e-m+fp/hard/crtn.o
                0x0000000008004058                . = ALIGN (0x4)
                0x0000000008004058                _etext = .

.vfp11_veneer   0x0000000008004058        0x0
 .vfp11_veneer  0x0000000008004058        0x0 linker stubs

.v4_bx          0x0000000008004058        0x0
 .v4_bx         0x0000000008004058        0x0 linker stubs

.iplt           0x0000000008004058        0x0
 .iplt          0x0000000008004058        0x0 e:/sortware/stmicroelectronics/stm32cube/stm32cubeide_1.11.2/stm32cubeide/plugins/com.st.stm32cube.ide.mcu.externaltools.gnu-tools-for-stm32.10.3-2021.10.win32_1.0.200.202301161003/tools/bin/../lib/gcc/arm-none-eabi/10.3.1/thumb/v7e-m+fp/hard/crtbegin.o

.rodata         0x0000000008004058       0xd8
                0x0000000008004058                . = ALIGN (0x4)
 *(.rodata)
 .rodata        0x0000000008004058        0xf ./Core/Src/main.o
 *(.rodata*)
 *fill*         0x0000000008004067        0x1 
 .rodata.STREAM_OFFSET_TAB
                0x0000000008004068        0x8 ./Bsp/bsp_uart/bsp_uart.o
 .rodata.STREAM_OFFSET_TAB
                0x0000000008004070        0x8 ./Core/Src/main.o
 .rodata.AHBPrescTable
                0x0000000008004078       0x10 ./Core/Src/system_stm32f4xx.o
                0x0000000008004078                AHBPrescTable
 .rodata.APBPrescTable
                0x0000000008004088        0x8 ./Core/Src/system_stm32f4xx.o
                0x0000000008004088                APBPrescTable
 .rodata.STREAM_OFFSET_TAB
                0x0000000008004090        0x8 ./Core/Src/usart.o
 .rodata._global_impure_ptr
                0x0000000008004098        0x4 e:/sortware/stmicroelectronics/stm32cube/stm32cubeide_1.11.2/stm32cubeide/plugins/com.st.stm32cube.ide.mcu.externaltools.gnu-tools-for-stm32.10.3-2021.10.win32_1.0.200.202301161003/tools/bin/../lib/gcc/arm-none-eabi/10.3.1/../../../../arm-none-eabi/lib/thumb/v7e-m+fp/hard\libc_nano.a(lib_a-impure.o)
                0x0000000008004098                _global_impure_ptr
 .rodata.__sf_fake_stderr
                0x000000000800409c       0x20 e:/sortware/stmicroelectronics/stm32cube/stm32cubeide_1.11.2/stm32cubeide/plugins/com.st.stm32cube.ide.mcu.externaltools.gnu-tools-for-stm32.10.3-2021.10.win32_1.0.200.202301161003/tools/bin/../lib/gcc/arm-none-eabi/10.3.1/../../../../arm-none-eabi/lib/thumb/v7e-m+fp/hard\libc_nano.a(lib_a-findfp.o)
                0x000000000800409c                __sf_fake_stderr
 .rodata.__sf_fake_stdin
                0x00000000080040bc       0x20 e:/sortware/stmicroelectronics/stm32cube/stm32cubeide_1.11.2/stm32cubeide/plugins/com.st.stm32cube.ide.mcu.externaltools.gnu-tools-for-stm32.10.3-2021.10.win32_1.0.200.202301161003/tools/bin/../lib/gcc/arm-none-eabi/10.3.1/../../../../arm-none-eabi/lib/thumb/v7e-m+fp/hard\libc_nano.a(lib_a-findfp.o)
                0x00000000080040bc                __sf_fake_stdin
 .rodata.__sf_fake_stdout
                0x00000000080040dc       0x20 e:/sortware/stmicroelectronics/stm32cube/stm32cubeide_1.11.2/stm32cubeide/plugins/com.st.stm32cube.ide.mcu.externaltools.gnu-tools-for-stm32.10.3-2021.10.win32_1.0.200.202301161003/tools/bin/../lib/gcc/arm-none-eabi/10.3.1/../../../../arm-none-eabi/lib/thumb/v7e-m+fp/hard\libc_nano.a(lib_a-findfp.o)
                0x00000000080040dc                __sf_fake_stdout
 .rodata._vfprintf_r.str1.1
                0x00000000080040fc       0x11 e:/sortware/stmicroelectronics/stm32cube/stm32cubeide_1.11.2/stm32cubeide/plugins/com.st.stm32cube.ide.mcu.externaltools.gnu-tools-for-stm32.10.3-2021.10.win32_1.0.200.202301161003/tools/bin/../lib/gcc/arm-none-eabi/10.3.1/../../../../arm-none-eabi/lib/thumb/v7e-m+fp/hard\libc_nano.a(lib_a-nano-vfprintf.o)
 .rodata._printf_i.str1.1
                0x000000000800410d       0x22 e:/sortware/stmicroelectronics/stm32cube/stm32cubeide_1.11.2/stm32cubeide/plugins/com.st.stm32cube.ide.mcu.externaltools.gnu-tools-for-stm32.10.3-2021.10.win32_1.0.200.202301161003/tools/bin/../lib/gcc/arm-none-eabi/10.3.1/../../../../arm-none-eabi/lib/thumb/v7e-m+fp/hard\libc_nano.a(lib_a-nano-vfprintf_i.o)
                0x0000000008004130                . = ALIGN (0x4)
 *fill*         0x000000000800412f        0x1 

.ARM.extab      0x0000000008004130        0x0
                0x0000000008004130                . = ALIGN (0x4)
 *(.ARM.extab* .gnu.linkonce.armextab.*)
                0x0000000008004130                . = ALIGN (0x4)

.ARM            0x0000000008004130        0x8
                0x0000000008004130                . = ALIGN (0x4)
                0x0000000008004130                __exidx_start = .
 *(.ARM.exidx*)
 .ARM.exidx     0x0000000008004130        0x8 e:/sortware/stmicroelectronics/stm32cube/stm32cubeide_1.11.2/stm32cubeide/plugins/com.st.stm32cube.ide.mcu.externaltools.gnu-tools-for-stm32.10.3-2021.10.win32_1.0.200.202301161003/tools/bin/../lib/gcc/arm-none-eabi/10.3.1/thumb/v7e-m+fp/hard\libgcc.a(_udivmoddi4.o)
                0x0000000008004138                __exidx_end = .
                0x0000000008004138                . = ALIGN (0x4)

.rel.dyn        0x0000000008004138        0x0
 .rel.iplt      0x0000000008004138        0x0 e:/sortware/stmicroelectronics/stm32cube/stm32cubeide_1.11.2/stm32cubeide/plugins/com.st.stm32cube.ide.mcu.externaltools.gnu-tools-for-stm32.10.3-2021.10.win32_1.0.200.202301161003/tools/bin/../lib/gcc/arm-none-eabi/10.3.1/thumb/v7e-m+fp/hard/crtbegin.o

.preinit_array  0x0000000008004138        0x0
                0x0000000008004138                . = ALIGN (0x4)
                0x0000000008004138                PROVIDE (__preinit_array_start = .)
 *(.preinit_array*)
                0x0000000008004138                PROVIDE (__preinit_array_end = .)
                0x0000000008004138                . = ALIGN (0x4)

.init_array     0x0000000008004138        0x4
                0x0000000008004138                . = ALIGN (0x4)
                0x0000000008004138                PROVIDE (__init_array_start = .)
 *(SORT_BY_NAME(.init_array.*))
 *(.init_array*)
 .init_array    0x0000000008004138        0x4 e:/sortware/stmicroelectronics/stm32cube/stm32cubeide_1.11.2/stm32cubeide/plugins/com.st.stm32cube.ide.mcu.externaltools.gnu-tools-for-stm32.10.3-2021.10.win32_1.0.200.202301161003/tools/bin/../lib/gcc/arm-none-eabi/10.3.1/thumb/v7e-m+fp/hard/crtbegin.o
                0x000000000800413c                PROVIDE (__init_array_end = .)
                0x000000000800413c                . = ALIGN (0x4)

.fini_array     0x000000000800413c        0x4
                0x000000000800413c                . = ALIGN (0x4)
                [!provide]                        PROVIDE (__fini_array_start = .)
 *(SORT_BY_NAME(.fini_array.*))
 *(.fini_array*)
 .fini_array    0x000000000800413c        0x4 e:/sortware/stmicroelectronics/stm32cube/stm32cubeide_1.11.2/stm32cubeide/plugins/com.st.stm32cube.ide.mcu.externaltools.gnu-tools-for-stm32.10.3-2021.10.win32_1.0.200.202301161003/tools/bin/../lib/gcc/arm-none-eabi/10.3.1/thumb/v7e-m+fp/hard/crtbegin.o
                [!provide]                        PROVIDE (__fini_array_end = .)
                0x0000000008004140                . = ALIGN (0x4)
                0x0000000008004140                _sidata = LOADADDR (.data)

.data           0x0000000020000000       0x70 load address 0x0000000008004140
                0x0000000020000000                . = ALIGN (0x4)
                0x0000000020000000                _sdata = .
 *(.data)
 *(.data*)
 .data.SystemCoreClock
                0x0000000020000000        0x4 ./Core/Src/system_stm32f4xx.o
                0x0000000020000000                SystemCoreClock
 .data.uwTickPrio
                0x0000000020000004        0x4 ./Drivers/STM32F4xx_HAL_Driver/Src/stm32f4xx_hal.o
                0x0000000020000004                uwTickPrio
 .data.uwTickFreq
                0x0000000020000008        0x1 ./Drivers/STM32F4xx_HAL_Driver/Src/stm32f4xx_hal.o
                0x0000000020000008                uwTickFreq
 *fill*         0x0000000020000009        0x3 
 .data._impure_ptr
                0x000000002000000c        0x4 e:/sortware/stmicroelectronics/stm32cube/stm32cubeide_1.11.2/stm32cubeide/plugins/com.st.stm32cube.ide.mcu.externaltools.gnu-tools-for-stm32.10.3-2021.10.win32_1.0.200.202301161003/tools/bin/../lib/gcc/arm-none-eabi/10.3.1/../../../../arm-none-eabi/lib/thumb/v7e-m+fp/hard\libc_nano.a(lib_a-impure.o)
                0x000000002000000c                _impure_ptr
 .data.impure_data
                0x0000000020000010       0x60 e:/sortware/stmicroelectronics/stm32cube/stm32cubeide_1.11.2/stm32cubeide/plugins/com.st.stm32cube.ide.mcu.externaltools.gnu-tools-for-stm32.10.3-2021.10.win32_1.0.200.202301161003/tools/bin/../lib/gcc/arm-none-eabi/10.3.1/../../../../arm-none-eabi/lib/thumb/v7e-m+fp/hard\libc_nano.a(lib_a-impure.o)
 *(.RamFunc)
 *(.RamFunc*)
                0x0000000020000070                . = ALIGN (0x4)
                0x0000000020000070                _edata = .
                0x00000000080041b0                _siccmram = LOADADDR (.ccmram)

.igot.plt       0x0000000020000070        0x0 load address 0x00000000080041b0
 .igot.plt      0x0000000020000070        0x0 e:/sortware/stmicroelectronics/stm32cube/stm32cubeide_1.11.2/stm32cubeide/plugins/com.st.stm32cube.ide.mcu.externaltools.gnu-tools-for-stm32.10.3-2021.10.win32_1.0.200.202301161003/tools/bin/../lib/gcc/arm-none-eabi/10.3.1/thumb/v7e-m+fp/hard/crtbegin.o

.ccmram         0x0000000010000000        0x0 load address 0x00000000080041b0
                0x0000000010000000                . = ALIGN (0x4)
                0x0000000010000000                _sccmram = .
 *(.ccmram)
 *(.ccmram*)
                0x0000000010000000                . = ALIGN (0x4)
                0x0000000010000000                _eccmram = .
                0x0000000010000000                . = ALIGN (0x4)

.bss            0x0000000020000070      0x854
                0x0000000020000070                _sbss = .
                0x0000000020000070                __bss_start__ = _sbss
 *(.bss)
 .bss           0x0000000020000070       0x1c e:/sortware/stmicroelectronics/stm32cube/stm32cubeide_1.11.2/stm32cubeide/plugins/com.st.stm32cube.ide.mcu.externaltools.gnu-tools-for-stm32.10.3-2021.10.win32_1.0.200.202301161003/tools/bin/../lib/gcc/arm-none-eabi/10.3.1/thumb/v7e-m+fp/hard/crtbegin.o
 *(.bss*)
 .bss.debug     0x000000002000008c      0x820 ./Bsp/bsp_uart/bsp_uart.o
                0x000000002000008c                debug
 .bss.__sbrk_heap_end
                0x00000000200008ac        0x4 ./Core/Src/sysmem.o
 .bss.uwTick    0x00000000200008b0        0x4 ./Drivers/STM32F4xx_HAL_Driver/Src/stm32f4xx_hal.o
                0x00000000200008b0                uwTick
 .bss.__lock___malloc_recursive_mutex
                0x00000000200008b4        0x1 e:/sortware/stmicroelectronics/stm32cube/stm32cubeide_1.11.2/stm32cubeide/plugins/com.st.stm32cube.ide.mcu.externaltools.gnu-tools-for-stm32.10.3-2021.10.win32_1.0.200.202301161003/tools/bin/../lib/gcc/arm-none-eabi/10.3.1/../../../../arm-none-eabi/lib/thumb/v7e-m+fp/hard\libc_nano.a(lib_a-lock.o)
                0x00000000200008b4                __lock___malloc_recursive_mutex
 .bss.__lock___sfp_recursive_mutex
                0x00000000200008b5        0x1 e:/sortware/stmicroelectronics/stm32cube/stm32cubeide_1.11.2/stm32cubeide/plugins/com.st.stm32cube.ide.mcu.externaltools.gnu-tools-for-stm32.10.3-2021.10.win32_1.0.200.202301161003/tools/bin/../lib/gcc/arm-none-eabi/10.3.1/../../../../arm-none-eabi/lib/thumb/v7e-m+fp/hard\libc_nano.a(lib_a-lock.o)
                0x00000000200008b5                __lock___sfp_recursive_mutex
 .bss.__lock___sinit_recursive_mutex
                0x00000000200008b6        0x1 e:/sortware/stmicroelectronics/stm32cube/stm32cubeide_1.11.2/stm32cubeide/plugins/com.st.stm32cube.ide.mcu.externaltools.gnu-tools-for-stm32.10.3-2021.10.win32_1.0.200.202301161003/tools/bin/../lib/gcc/arm-none-eabi/10.3.1/../../../../arm-none-eabi/lib/thumb/v7e-m+fp/hard\libc_nano.a(lib_a-lock.o)
                0x00000000200008b6                __lock___sinit_recursive_mutex
 *fill*         0x00000000200008b7        0x1 
 .bss.__malloc_free_list
                0x00000000200008b8        0x4 e:/sortware/stmicroelectronics/stm32cube/stm32cubeide_1.11.2/stm32cubeide/plugins/com.st.stm32cube.ide.mcu.externaltools.gnu-tools-for-stm32.10.3-2021.10.win32_1.0.200.202301161003/tools/bin/../lib/gcc/arm-none-eabi/10.3.1/../../../../arm-none-eabi/lib/thumb/v7e-m+fp/hard\libc_nano.a(lib_a-nano-mallocr.o)
                0x00000000200008b8                __malloc_free_list
 .bss.__malloc_sbrk_start
                0x00000000200008bc        0x4 e:/sortware/stmicroelectronics/stm32cube/stm32cubeide_1.11.2/stm32cubeide/plugins/com.st.stm32cube.ide.mcu.externaltools.gnu-tools-for-stm32.10.3-2021.10.win32_1.0.200.202301161003/tools/bin/../lib/gcc/arm-none-eabi/10.3.1/../../../../arm-none-eabi/lib/thumb/v7e-m+fp/hard\libc_nano.a(lib_a-nano-mallocr.o)
                0x00000000200008bc                __malloc_sbrk_start
 .bss.errno     0x00000000200008c0        0x4 e:/sortware/stmicroelectronics/stm32cube/stm32cubeide_1.11.2/stm32cubeide/plugins/com.st.stm32cube.ide.mcu.externaltools.gnu-tools-for-stm32.10.3-2021.10.win32_1.0.200.202301161003/tools/bin/../lib/gcc/arm-none-eabi/10.3.1/../../../../arm-none-eabi/lib/thumb/v7e-m+fp/hard\libc_nano.a(lib_a-reent.o)
                0x00000000200008c0                errno
 *(COMMON)
                0x00000000200008c4                . = ALIGN (0x4)
                0x00000000200008c4                _ebss = .
                0x00000000200008c4                __bss_end__ = _ebss

._user_heap_stack
                0x00000000200008c4      0x604
                0x00000000200008c8                . = ALIGN (0x8)
 *fill*         0x00000000200008c4        0x4 
                [!provide]                        PROVIDE (end = .)
                0x00000000200008c8                PROVIDE (_end = .)
                0x0000000020000ac8                . = (. + _Min_Heap_Size)
 *fill*         0x00000000200008c8      0x200 
                0x0000000020000ec8                . = (. + _Min_Stack_Size)
 *fill*         0x0000000020000ac8      0x400 
                0x0000000020000ec8                . = ALIGN (0x8)

/DISCARD/
 libc.a(*)
 libm.a(*)
 libgcc.a(*)

.ARM.attributes
                0x0000000000000000       0x30
 *(.ARM.attributes)
 .ARM.attributes
                0x0000000000000000       0x1e e:/sortware/stmicroelectronics/stm32cube/stm32cubeide_1.11.2/stm32cubeide/plugins/com.st.stm32cube.ide.mcu.externaltools.gnu-tools-for-stm32.10.3-2021.10.win32_1.0.200.202301161003/tools/bin/../lib/gcc/arm-none-eabi/10.3.1/thumb/v7e-m+fp/hard/crti.o
 .ARM.attributes
                0x000000000000001e       0x34 e:/sortware/stmicroelectronics/stm32cube/stm32cubeide_1.11.2/stm32cubeide/plugins/com.st.stm32cube.ide.mcu.externaltools.gnu-tools-for-stm32.10.3-2021.10.win32_1.0.200.202301161003/tools/bin/../lib/gcc/arm-none-eabi/10.3.1/thumb/v7e-m+fp/hard/crtbegin.o
 .ARM.attributes
                0x0000000000000052       0x34 ./Bsp/bsp_uart/bsp_uart.o
 .ARM.attributes
                0x0000000000000086       0x34 ./Core/Src/dma.o
 .ARM.attributes
                0x00000000000000ba       0x34 ./Core/Src/gpio.o
 .ARM.attributes
                0x00000000000000ee       0x34 ./Core/Src/main.o
 .ARM.attributes
                0x0000000000000122       0x34 ./Core/Src/stm32f4xx_hal_msp.o
 .ARM.attributes
                0x0000000000000156       0x34 ./Core/Src/stm32f4xx_it.o
 .ARM.attributes
                0x000000000000018a       0x34 ./Core/Src/syscalls.o
 .ARM.attributes
                0x00000000000001be       0x34 ./Core/Src/sysmem.o
 .ARM.attributes
                0x00000000000001f2       0x34 ./Core/Src/system_stm32f4xx.o
 .ARM.attributes
                0x0000000000000226       0x34 ./Core/Src/usart.o
 .ARM.attributes
                0x000000000000025a       0x21 ./Core/Startup/startup_stm32f407zetx.o
 .ARM.attributes
                0x000000000000027b       0x34 ./Drivers/STM32F4xx_HAL_Driver/Src/stm32f4xx_hal.o
 .ARM.attributes
                0x00000000000002af       0x34 ./Drivers/STM32F4xx_HAL_Driver/Src/stm32f4xx_hal_cortex.o
 .ARM.attributes
                0x00000000000002e3       0x34 ./Drivers/STM32F4xx_HAL_Driver/Src/stm32f4xx_hal_gpio.o
 .ARM.attributes
                0x0000000000000317       0x34 ./Drivers/STM32F4xx_HAL_Driver/Src/stm32f4xx_hal_rcc.o
 .ARM.attributes
                0x000000000000034b       0x34 ./Drivers/STM32F4xx_HAL_Driver/Src/stm32f4xx_ll_gpio.o
 .ARM.attributes
                0x000000000000037f       0x34 ./Drivers/STM32F4xx_HAL_Driver/Src/stm32f4xx_ll_rcc.o
 .ARM.attributes
                0x00000000000003b3       0x34 ./Drivers/STM32F4xx_HAL_Driver/Src/stm32f4xx_ll_usart.o
 .ARM.attributes
                0x00000000000003e7       0x34 e:/sortware/stmicroelectronics/stm32cube/stm32cubeide_1.11.2/stm32cubeide/plugins/com.st.stm32cube.ide.mcu.externaltools.gnu-tools-for-stm32.10.3-2021.10.win32_1.0.200.202301161003/tools/bin/../lib/gcc/arm-none-eabi/10.3.1/../../../../arm-none-eabi/lib/thumb/v7e-m+fp/hard\libc_nano.a(lib_a-errno.o)
 .ARM.attributes
                0x000000000000041b       0x34 e:/sortware/stmicroelectronics/stm32cube/stm32cubeide_1.11.2/stm32cubeide/plugins/com.st.stm32cube.ide.mcu.externaltools.gnu-tools-for-stm32.10.3-2021.10.win32_1.0.200.202301161003/tools/bin/../lib/gcc/arm-none-eabi/10.3.1/../../../../arm-none-eabi/lib/thumb/v7e-m+fp/hard\libc_nano.a(lib_a-impure.o)
 .ARM.attributes
                0x000000000000044f       0x34 e:/sortware/stmicroelectronics/stm32cube/stm32cubeide_1.11.2/stm32cubeide/plugins/com.st.stm32cube.ide.mcu.externaltools.gnu-tools-for-stm32.10.3-2021.10.win32_1.0.200.202301161003/tools/bin/../lib/gcc/arm-none-eabi/10.3.1/../../../../arm-none-eabi/lib/thumb/v7e-m+fp/hard\libc_nano.a(lib_a-init.o)
 .ARM.attributes
                0x0000000000000483       0x34 e:/sortware/stmicroelectronics/stm32cube/stm32cubeide_1.11.2/stm32cubeide/plugins/com.st.stm32cube.ide.mcu.externaltools.gnu-tools-for-stm32.10.3-2021.10.win32_1.0.200.202301161003/tools/bin/../lib/gcc/arm-none-eabi/10.3.1/../../../../arm-none-eabi/lib/thumb/v7e-m+fp/hard\libc_nano.a(lib_a-memset.o)
 .ARM.attributes
                0x00000000000004b7       0x34 e:/sortware/stmicroelectronics/stm32cube/stm32cubeide_1.11.2/stm32cubeide/plugins/com.st.stm32cube.ide.mcu.externaltools.gnu-tools-for-stm32.10.3-2021.10.win32_1.0.200.202301161003/tools/bin/../lib/gcc/arm-none-eabi/10.3.1/../../../../arm-none-eabi/lib/thumb/v7e-m+fp/hard\libc_nano.a(lib_a-printf.o)
 .ARM.attributes
                0x00000000000004eb       0x34 e:/sortware/stmicroelectronics/stm32cube/stm32cubeide_1.11.2/stm32cubeide/plugins/com.st.stm32cube.ide.mcu.externaltools.gnu-tools-for-stm32.10.3-2021.10.win32_1.0.200.202301161003/tools/bin/../lib/gcc/arm-none-eabi/10.3.1/../../../../arm-none-eabi/lib/thumb/v7e-m+fp/hard\libc_nano.a(lib_a-puts.o)
 .ARM.attributes
                0x000000000000051f       0x34 e:/sortware/stmicroelectronics/stm32cube/stm32cubeide_1.11.2/stm32cubeide/plugins/com.st.stm32cube.ide.mcu.externaltools.gnu-tools-for-stm32.10.3-2021.10.win32_1.0.200.202301161003/tools/bin/../lib/gcc/arm-none-eabi/10.3.1/../../../../arm-none-eabi/lib/thumb/v7e-m+fp/hard\libc_nano.a(lib_a-wbuf.o)
 .ARM.attributes
                0x0000000000000553       0x34 e:/sortware/stmicroelectronics/stm32cube/stm32cubeide_1.11.2/stm32cubeide/plugins/com.st.stm32cube.ide.mcu.externaltools.gnu-tools-for-stm32.10.3-2021.10.win32_1.0.200.202301161003/tools/bin/../lib/gcc/arm-none-eabi/10.3.1/../../../../arm-none-eabi/lib/thumb/v7e-m+fp/hard\libc_nano.a(lib_a-wsetup.o)
 .ARM.attributes
                0x0000000000000587       0x34 e:/sortware/stmicroelectronics/stm32cube/stm32cubeide_1.11.2/stm32cubeide/plugins/com.st.stm32cube.ide.mcu.externaltools.gnu-tools-for-stm32.10.3-2021.10.win32_1.0.200.202301161003/tools/bin/../lib/gcc/arm-none-eabi/10.3.1/../../../../arm-none-eabi/lib/thumb/v7e-m+fp/hard\libc_nano.a(lib_a-fflush.o)
 .ARM.attributes
                0x00000000000005bb       0x34 e:/sortware/stmicroelectronics/stm32cube/stm32cubeide_1.11.2/stm32cubeide/plugins/com.st.stm32cube.ide.mcu.externaltools.gnu-tools-for-stm32.10.3-2021.10.win32_1.0.200.202301161003/tools/bin/../lib/gcc/arm-none-eabi/10.3.1/../../../../arm-none-eabi/lib/thumb/v7e-m+fp/hard\libc_nano.a(lib_a-findfp.o)
 .ARM.attributes
                0x00000000000005ef       0x34 e:/sortware/stmicroelectronics/stm32cube/stm32cubeide_1.11.2/stm32cubeide/plugins/com.st.stm32cube.ide.mcu.externaltools.gnu-tools-for-stm32.10.3-2021.10.win32_1.0.200.202301161003/tools/bin/../lib/gcc/arm-none-eabi/10.3.1/../../../../arm-none-eabi/lib/thumb/v7e-m+fp/hard\libc_nano.a(lib_a-fwalk.o)
 .ARM.attributes
                0x0000000000000623       0x34 e:/sortware/stmicroelectronics/stm32cube/stm32cubeide_1.11.2/stm32cubeide/plugins/com.st.stm32cube.ide.mcu.externaltools.gnu-tools-for-stm32.10.3-2021.10.win32_1.0.200.202301161003/tools/bin/../lib/gcc/arm-none-eabi/10.3.1/../../../../arm-none-eabi/lib/thumb/v7e-m+fp/hard\libc_nano.a(lib_a-lock.o)
 .ARM.attributes
                0x0000000000000657       0x34 e:/sortware/stmicroelectronics/stm32cube/stm32cubeide_1.11.2/stm32cubeide/plugins/com.st.stm32cube.ide.mcu.externaltools.gnu-tools-for-stm32.10.3-2021.10.win32_1.0.200.202301161003/tools/bin/../lib/gcc/arm-none-eabi/10.3.1/../../../../arm-none-eabi/lib/thumb/v7e-m+fp/hard\libc_nano.a(lib_a-makebuf.o)
 .ARM.attributes
                0x000000000000068b       0x34 e:/sortware/stmicroelectronics/stm32cube/stm32cubeide_1.11.2/stm32cubeide/plugins/com.st.stm32cube.ide.mcu.externaltools.gnu-tools-for-stm32.10.3-2021.10.win32_1.0.200.202301161003/tools/bin/../lib/gcc/arm-none-eabi/10.3.1/../../../../arm-none-eabi/lib/thumb/v7e-m+fp/hard\libc_nano.a(lib_a-nano-freer.o)
 .ARM.attributes
                0x00000000000006bf       0x34 e:/sortware/stmicroelectronics/stm32cube/stm32cubeide_1.11.2/stm32cubeide/plugins/com.st.stm32cube.ide.mcu.externaltools.gnu-tools-for-stm32.10.3-2021.10.win32_1.0.200.202301161003/tools/bin/../lib/gcc/arm-none-eabi/10.3.1/../../../../arm-none-eabi/lib/thumb/v7e-m+fp/hard\libc_nano.a(lib_a-nano-mallocr.o)
 .ARM.attributes
                0x00000000000006f3       0x34 e:/sortware/stmicroelectronics/stm32cube/stm32cubeide_1.11.2/stm32cubeide/plugins/com.st.stm32cube.ide.mcu.externaltools.gnu-tools-for-stm32.10.3-2021.10.win32_1.0.200.202301161003/tools/bin/../lib/gcc/arm-none-eabi/10.3.1/../../../../arm-none-eabi/lib/thumb/v7e-m+fp/hard\libc_nano.a(lib_a-nano-vfprintf.o)
 .ARM.attributes
                0x0000000000000727       0x34 e:/sortware/stmicroelectronics/stm32cube/stm32cubeide_1.11.2/stm32cubeide/plugins/com.st.stm32cube.ide.mcu.externaltools.gnu-tools-for-stm32.10.3-2021.10.win32_1.0.200.202301161003/tools/bin/../lib/gcc/arm-none-eabi/10.3.1/../../../../arm-none-eabi/lib/thumb/v7e-m+fp/hard\libc_nano.a(lib_a-nano-vfprintf_i.o)
 .ARM.attributes
                0x000000000000075b       0x34 e:/sortware/stmicroelectronics/stm32cube/stm32cubeide_1.11.2/stm32cubeide/plugins/com.st.stm32cube.ide.mcu.externaltools.gnu-tools-for-stm32.10.3-2021.10.win32_1.0.200.202301161003/tools/bin/../lib/gcc/arm-none-eabi/10.3.1/../../../../arm-none-eabi/lib/thumb/v7e-m+fp/hard\libc_nano.a(lib_a-sbrkr.o)
 .ARM.attributes
                0x000000000000078f       0x34 e:/sortware/stmicroelectronics/stm32cube/stm32cubeide_1.11.2/stm32cubeide/plugins/com.st.stm32cube.ide.mcu.externaltools.gnu-tools-for-stm32.10.3-2021.10.win32_1.0.200.202301161003/tools/bin/../lib/gcc/arm-none-eabi/10.3.1/../../../../arm-none-eabi/lib/thumb/v7e-m+fp/hard\libc_nano.a(lib_a-stdio.o)
 .ARM.attributes
                0x00000000000007c3       0x34 e:/sortware/stmicroelectronics/stm32cube/stm32cubeide_1.11.2/stm32cubeide/plugins/com.st.stm32cube.ide.mcu.externaltools.gnu-tools-for-stm32.10.3-2021.10.win32_1.0.200.202301161003/tools/bin/../lib/gcc/arm-none-eabi/10.3.1/../../../../arm-none-eabi/lib/thumb/v7e-m+fp/hard\libc_nano.a(lib_a-writer.o)
 .ARM.attributes
                0x00000000000007f7       0x34 e:/sortware/stmicroelectronics/stm32cube/stm32cubeide_1.11.2/stm32cubeide/plugins/com.st.stm32cube.ide.mcu.externaltools.gnu-tools-for-stm32.10.3-2021.10.win32_1.0.200.202301161003/tools/bin/../lib/gcc/arm-none-eabi/10.3.1/../../../../arm-none-eabi/lib/thumb/v7e-m+fp/hard\libc_nano.a(lib_a-closer.o)
 .ARM.attributes
                0x000000000000082b       0x34 e:/sortware/stmicroelectronics/stm32cube/stm32cubeide_1.11.2/stm32cubeide/plugins/com.st.stm32cube.ide.mcu.externaltools.gnu-tools-for-stm32.10.3-2021.10.win32_1.0.200.202301161003/tools/bin/../lib/gcc/arm-none-eabi/10.3.1/../../../../arm-none-eabi/lib/thumb/v7e-m+fp/hard\libc_nano.a(lib_a-fstatr.o)
 .ARM.attributes
                0x000000000000085f       0x34 e:/sortware/stmicroelectronics/stm32cube/stm32cubeide_1.11.2/stm32cubeide/plugins/com.st.stm32cube.ide.mcu.externaltools.gnu-tools-for-stm32.10.3-2021.10.win32_1.0.200.202301161003/tools/bin/../lib/gcc/arm-none-eabi/10.3.1/../../../../arm-none-eabi/lib/thumb/v7e-m+fp/hard\libc_nano.a(lib_a-isattyr.o)
 .ARM.attributes
                0x0000000000000893       0x34 e:/sortware/stmicroelectronics/stm32cube/stm32cubeide_1.11.2/stm32cubeide/plugins/com.st.stm32cube.ide.mcu.externaltools.gnu-tools-for-stm32.10.3-2021.10.win32_1.0.200.202301161003/tools/bin/../lib/gcc/arm-none-eabi/10.3.1/../../../../arm-none-eabi/lib/thumb/v7e-m+fp/hard\libc_nano.a(lib_a-lseekr.o)
 .ARM.attributes
                0x00000000000008c7       0x1c e:/sortware/stmicroelectronics/stm32cube/stm32cubeide_1.11.2/stm32cubeide/plugins/com.st.stm32cube.ide.mcu.externaltools.gnu-tools-for-stm32.10.3-2021.10.win32_1.0.200.202301161003/tools/bin/../lib/gcc/arm-none-eabi/10.3.1/../../../../arm-none-eabi/lib/thumb/v7e-m+fp/hard\libc_nano.a(lib_a-memchr.o)
 .ARM.attributes
                0x00000000000008e3       0x34 e:/sortware/stmicroelectronics/stm32cube/stm32cubeide_1.11.2/stm32cubeide/plugins/com.st.stm32cube.ide.mcu.externaltools.gnu-tools-for-stm32.10.3-2021.10.win32_1.0.200.202301161003/tools/bin/../lib/gcc/arm-none-eabi/10.3.1/../../../../arm-none-eabi/lib/thumb/v7e-m+fp/hard\libc_nano.a(lib_a-mlock.o)
 .ARM.attributes
                0x0000000000000917       0x34 e:/sortware/stmicroelectronics/stm32cube/stm32cubeide_1.11.2/stm32cubeide/plugins/com.st.stm32cube.ide.mcu.externaltools.gnu-tools-for-stm32.10.3-2021.10.win32_1.0.200.202301161003/tools/bin/../lib/gcc/arm-none-eabi/10.3.1/../../../../arm-none-eabi/lib/thumb/v7e-m+fp/hard\libc_nano.a(lib_a-readr.o)
 .ARM.attributes
                0x000000000000094b       0x34 e:/sortware/stmicroelectronics/stm32cube/stm32cubeide_1.11.2/stm32cubeide/plugins/com.st.stm32cube.ide.mcu.externaltools.gnu-tools-for-stm32.10.3-2021.10.win32_1.0.200.202301161003/tools/bin/../lib/gcc/arm-none-eabi/10.3.1/../../../../arm-none-eabi/lib/thumb/v7e-m+fp/hard\libc_nano.a(lib_a-reent.o)
 .ARM.attributes
                0x000000000000097f       0x1e e:/sortware/stmicroelectronics/stm32cube/stm32cubeide_1.11.2/stm32cubeide/plugins/com.st.stm32cube.ide.mcu.externaltools.gnu-tools-for-stm32.10.3-2021.10.win32_1.0.200.202301161003/tools/bin/../lib/gcc/arm-none-eabi/10.3.1/thumb/v7e-m+fp/hard\libgcc.a(_aeabi_uldivmod.o)
 .ARM.attributes
                0x000000000000099d       0x34 e:/sortware/stmicroelectronics/stm32cube/stm32cubeide_1.11.2/stm32cubeide/plugins/com.st.stm32cube.ide.mcu.externaltools.gnu-tools-for-stm32.10.3-2021.10.win32_1.0.200.202301161003/tools/bin/../lib/gcc/arm-none-eabi/10.3.1/thumb/v7e-m+fp/hard\libgcc.a(_udivmoddi4.o)
 .ARM.attributes
                0x00000000000009d1       0x1e e:/sortware/stmicroelectronics/stm32cube/stm32cubeide_1.11.2/stm32cubeide/plugins/com.st.stm32cube.ide.mcu.externaltools.gnu-tools-for-stm32.10.3-2021.10.win32_1.0.200.202301161003/tools/bin/../lib/gcc/arm-none-eabi/10.3.1/thumb/v7e-m+fp/hard\libgcc.a(_dvmd_tls.o)
 .ARM.attributes
                0x00000000000009ef       0x1e e:/sortware/stmicroelectronics/stm32cube/stm32cubeide_1.11.2/stm32cubeide/plugins/com.st.stm32cube.ide.mcu.externaltools.gnu-tools-for-stm32.10.3-2021.10.win32_1.0.200.202301161003/tools/bin/../lib/gcc/arm-none-eabi/10.3.1/thumb/v7e-m+fp/hard/crtn.o
OUTPUT(UART_No6.elf elf32-littlearm)
LOAD linker stubs
LOAD e:/sortware/stmicroelectronics/stm32cube/stm32cubeide_1.11.2/stm32cubeide/plugins/com.st.stm32cube.ide.mcu.externaltools.gnu-tools-for-stm32.10.3-2021.10.win32_1.0.200.202301161003/tools/bin/../lib/gcc/arm-none-eabi/10.3.1/../../../../arm-none-eabi/lib/thumb/v7e-m+fp/hard\libc.a
LOAD e:/sortware/stmicroelectronics/stm32cube/stm32cubeide_1.11.2/stm32cubeide/plugins/com.st.stm32cube.ide.mcu.externaltools.gnu-tools-for-stm32.10.3-2021.10.win32_1.0.200.202301161003/tools/bin/../lib/gcc/arm-none-eabi/10.3.1/../../../../arm-none-eabi/lib/thumb/v7e-m+fp/hard\libm.a
LOAD e:/sortware/stmicroelectronics/stm32cube/stm32cubeide_1.11.2/stm32cubeide/plugins/com.st.stm32cube.ide.mcu.externaltools.gnu-tools-for-stm32.10.3-2021.10.win32_1.0.200.202301161003/tools/bin/../lib/gcc/arm-none-eabi/10.3.1/thumb/v7e-m+fp/hard\libgcc.a

.debug_info     0x0000000000000000     0x7fe3
 .debug_info    0x0000000000000000      0x88f ./Bsp/bsp_uart/bsp_uart.o
 .debug_info    0x000000000000088f      0x916 ./Core/Src/dma.o
 .debug_info    0x00000000000011a5      0x4ef ./Core/Src/gpio.o
 .debug_info    0x0000000000001694      0x7ea ./Core/Src/main.o
 .debug_info    0x0000000000001e7e      0x2ec ./Core/Src/stm32f4xx_hal_msp.o
 .debug_info    0x000000000000216a      0x198 ./Core/Src/stm32f4xx_it.o
 .debug_info    0x0000000000002302      0x6e0 ./Core/Src/syscalls.o
 .debug_info    0x00000000000029e2      0x171 ./Core/Src/sysmem.o
 .debug_info    0x0000000000002b53      0x523 ./Core/Src/system_stm32f4xx.o
 .debug_info    0x0000000000003076      0xf69 ./Core/Src/usart.o
 .debug_info    0x0000000000003fdf       0x22 ./Core/Startup/startup_stm32f407zetx.o
 .debug_info    0x0000000000004001      0x97c ./Drivers/STM32F4xx_HAL_Driver/Src/stm32f4xx_hal.o
 .debug_info    0x000000000000497d      0xe1b ./Drivers/STM32F4xx_HAL_Driver/Src/stm32f4xx_hal_cortex.o
 .debug_info    0x0000000000005798      0x76a ./Drivers/STM32F4xx_HAL_Driver/Src/stm32f4xx_hal_gpio.o
 .debug_info    0x0000000000005f02      0x966 ./Drivers/STM32F4xx_HAL_Driver/Src/stm32f4xx_hal_rcc.o
 .debug_info    0x0000000000006868      0x848 ./Drivers/STM32F4xx_HAL_Driver/Src/stm32f4xx_ll_gpio.o
 .debug_info    0x00000000000070b0      0x7e2 ./Drivers/STM32F4xx_HAL_Driver/Src/stm32f4xx_ll_rcc.o
 .debug_info    0x0000000000007892      0x751 ./Drivers/STM32F4xx_HAL_Driver/Src/stm32f4xx_ll_usart.o

.debug_abbrev   0x0000000000000000     0x1edd
 .debug_abbrev  0x0000000000000000      0x310 ./Bsp/bsp_uart/bsp_uart.o
 .debug_abbrev  0x0000000000000310      0x198 ./Core/Src/dma.o
 .debug_abbrev  0x00000000000004a8      0x14d ./Core/Src/gpio.o
 .debug_abbrev  0x00000000000005f5      0x272 ./Core/Src/main.o
 .debug_abbrev  0x0000000000000867       0xdb ./Core/Src/stm32f4xx_hal_msp.o
 .debug_abbrev  0x0000000000000942       0xad ./Core/Src/stm32f4xx_it.o
 .debug_abbrev  0x00000000000009ef      0x1b3 ./Core/Src/syscalls.o
 .debug_abbrev  0x0000000000000ba2       0xbb ./Core/Src/sysmem.o
 .debug_abbrev  0x0000000000000c5d      0x116 ./Core/Src/system_stm32f4xx.o
 .debug_abbrev  0x0000000000000d73      0x1f2 ./Core/Src/usart.o
 .debug_abbrev  0x0000000000000f65       0x12 ./Core/Startup/startup_stm32f407zetx.o
 .debug_abbrev  0x0000000000000f77      0x20d ./Drivers/STM32F4xx_HAL_Driver/Src/stm32f4xx_hal.o
 .debug_abbrev  0x0000000000001184      0x316 ./Drivers/STM32F4xx_HAL_Driver/Src/stm32f4xx_hal_cortex.o
 .debug_abbrev  0x000000000000149a      0x1c4 ./Drivers/STM32F4xx_HAL_Driver/Src/stm32f4xx_hal_gpio.o
 .debug_abbrev  0x000000000000165e      0x2aa ./Drivers/STM32F4xx_HAL_Driver/Src/stm32f4xx_hal_rcc.o
 .debug_abbrev  0x0000000000001908      0x20e ./Drivers/STM32F4xx_HAL_Driver/Src/stm32f4xx_ll_gpio.o
 .debug_abbrev  0x0000000000001b16      0x1e7 ./Drivers/STM32F4xx_HAL_Driver/Src/stm32f4xx_ll_rcc.o
 .debug_abbrev  0x0000000000001cfd      0x1e0 ./Drivers/STM32F4xx_HAL_Driver/Src/stm32f4xx_ll_usart.o

.debug_aranges  0x0000000000000000      0x8a8
 .debug_aranges
                0x0000000000000000       0xb8 ./Bsp/bsp_uart/bsp_uart.o
 .debug_aranges
                0x00000000000000b8       0x48 ./Core/Src/dma.o
 .debug_aranges
                0x0000000000000100       0x20 ./Core/Src/gpio.o
 .debug_aranges
                0x0000000000000120       0x40 ./Core/Src/main.o
 .debug_aranges
                0x0000000000000160       0x20 ./Core/Src/stm32f4xx_hal_msp.o
 .debug_aranges
                0x0000000000000180       0x70 ./Core/Src/stm32f4xx_it.o
 .debug_aranges
                0x00000000000001f0       0xa8 ./Core/Src/syscalls.o
 .debug_aranges
                0x0000000000000298       0x20 ./Core/Src/sysmem.o
 .debug_aranges
                0x00000000000002b8       0x28 ./Core/Src/system_stm32f4xx.o
 .debug_aranges
                0x00000000000002e0       0xa8 ./Core/Src/usart.o
 .debug_aranges
                0x0000000000000388       0x28 ./Core/Startup/startup_stm32f407zetx.o
 .debug_aranges
                0x00000000000003b0       0xf0 ./Drivers/STM32F4xx_HAL_Driver/Src/stm32f4xx_hal.o
 .debug_aranges
                0x00000000000004a0      0x118 ./Drivers/STM32F4xx_HAL_Driver/Src/stm32f4xx_hal_cortex.o
 .debug_aranges
                0x00000000000005b8       0x58 ./Drivers/STM32F4xx_HAL_Driver/Src/stm32f4xx_hal_gpio.o
 .debug_aranges
                0x0000000000000610       0x88 ./Drivers/STM32F4xx_HAL_Driver/Src/stm32f4xx_hal_rcc.o
 .debug_aranges
                0x0000000000000698       0x70 ./Drivers/STM32F4xx_HAL_Driver/Src/stm32f4xx_ll_gpio.o
 .debug_aranges
                0x0000000000000708      0x118 ./Drivers/STM32F4xx_HAL_Driver/Src/stm32f4xx_ll_rcc.o
 .debug_aranges
                0x0000000000000820       0x88 ./Drivers/STM32F4xx_HAL_Driver/Src/stm32f4xx_ll_usart.o

.debug_ranges   0x0000000000000000      0x790
 .debug_ranges  0x0000000000000000       0xa8 ./Bsp/bsp_uart/bsp_uart.o
 .debug_ranges  0x00000000000000a8       0x38 ./Core/Src/dma.o
 .debug_ranges  0x00000000000000e0       0x10 ./Core/Src/gpio.o
 .debug_ranges  0x00000000000000f0       0x30 ./Core/Src/main.o
 .debug_ranges  0x0000000000000120       0x10 ./Core/Src/stm32f4xx_hal_msp.o
 .debug_ranges  0x0000000000000130       0x60 ./Core/Src/stm32f4xx_it.o
 .debug_ranges  0x0000000000000190       0x98 ./Core/Src/syscalls.o
 .debug_ranges  0x0000000000000228       0x10 ./Core/Src/sysmem.o
 .debug_ranges  0x0000000000000238       0x18 ./Core/Src/system_stm32f4xx.o
 .debug_ranges  0x0000000000000250       0x98 ./Core/Src/usart.o
 .debug_ranges  0x00000000000002e8       0x20 ./Core/Startup/startup_stm32f407zetx.o
 .debug_ranges  0x0000000000000308       0xe0 ./Drivers/STM32F4xx_HAL_Driver/Src/stm32f4xx_hal.o
 .debug_ranges  0x00000000000003e8      0x108 ./Drivers/STM32F4xx_HAL_Driver/Src/stm32f4xx_hal_cortex.o
 .debug_ranges  0x00000000000004f0       0x48 ./Drivers/STM32F4xx_HAL_Driver/Src/stm32f4xx_hal_gpio.o
 .debug_ranges  0x0000000000000538       0x78 ./Drivers/STM32F4xx_HAL_Driver/Src/stm32f4xx_hal_rcc.o
 .debug_ranges  0x00000000000005b0       0x60 ./Drivers/STM32F4xx_HAL_Driver/Src/stm32f4xx_ll_gpio.o
 .debug_ranges  0x0000000000000610      0x108 ./Drivers/STM32F4xx_HAL_Driver/Src/stm32f4xx_ll_rcc.o
 .debug_ranges  0x0000000000000718       0x78 ./Drivers/STM32F4xx_HAL_Driver/Src/stm32f4xx_ll_usart.o

.debug_macro    0x0000000000000000     0x3a08
 .debug_macro   0x0000000000000000      0x40e ./Bsp/bsp_uart/bsp_uart.o
 .debug_macro   0x000000000000040e       0x10 ./Bsp/bsp_uart/bsp_uart.o
 .debug_macro   0x000000000000041e       0x35 ./Bsp/bsp_uart/bsp_uart.o
 .debug_macro   0x0000000000000453       0x16 ./Bsp/bsp_uart/bsp_uart.o
 .debug_macro   0x0000000000000469       0x20 ./Bsp/bsp_uart/bsp_uart.o
 .debug_macro   0x0000000000000489       0x16 ./Bsp/bsp_uart/bsp_uart.o
 .debug_macro   0x000000000000049f       0x16 ./Bsp/bsp_uart/bsp_uart.o
 .debug_macro   0x00000000000004b5       0x29 ./Bsp/bsp_uart/bsp_uart.o
 .debug_macro   0x00000000000004de      0x223 ./Core/Src/dma.o
 .debug_macro   0x0000000000000701      0x223 ./Core/Src/gpio.o
 .debug_macro   0x0000000000000924      0x3d0 ./Core/Src/main.o
 .debug_macro   0x0000000000000cf4      0x219 ./Core/Src/stm32f4xx_hal_msp.o
 .debug_macro   0x0000000000000f0d      0x245 ./Core/Src/stm32f4xx_it.o
 .debug_macro   0x0000000000001152      0x24c ./Core/Src/syscalls.o
 .debug_macro   0x000000000000139e       0x4c ./Core/Src/syscalls.o
 .debug_macro   0x00000000000013ea       0x94 ./Core/Src/syscalls.o
 .debug_macro   0x000000000000147e       0x57 ./Core/Src/syscalls.o
 .debug_macro   0x00000000000014d5       0x10 ./Core/Src/syscalls.o
 .debug_macro   0x00000000000014e5       0x10 ./Core/Src/syscalls.o
 .debug_macro   0x00000000000014f5       0x10 ./Core/Src/syscalls.o
 .debug_macro   0x0000000000001505       0x35 ./Core/Src/syscalls.o
 .debug_macro   0x000000000000153a      0x12c ./Core/Src/syscalls.o
 .debug_macro   0x0000000000001666       0x10 ./Core/Src/syscalls.o
 .debug_macro   0x0000000000001676      0x241 ./Core/Src/syscalls.o
 .debug_macro   0x00000000000018b7       0x1c ./Core/Src/syscalls.o
 .debug_macro   0x00000000000018d3       0x10 ./Core/Src/syscalls.o
 .debug_macro   0x00000000000018e3      0x189 ./Core/Src/syscalls.o
 .debug_macro   0x0000000000001a6c       0x16 ./Core/Src/syscalls.o
 .debug_macro   0x0000000000001a82       0xce ./Core/Src/syscalls.o
 .debug_macro   0x0000000000001b50       0xff ./Core/Src/sysmem.o
 .debug_macro   0x0000000000001c4f      0x23b ./Core/Src/sysmem.o
 .debug_macro   0x0000000000001e8a      0x1b0 ./Core/Src/system_stm32f4xx.o
 .debug_macro   0x000000000000203a      0x223 ./Core/Src/usart.o
 .debug_macro   0x000000000000225d      0x210 ./Drivers/STM32F4xx_HAL_Driver/Src/stm32f4xx_hal.o
 .debug_macro   0x000000000000246d      0x1b0 ./Drivers/STM32F4xx_HAL_Driver/Src/stm32f4xx_hal_cortex.o
 .debug_macro   0x000000000000261d      0x1b6 ./Drivers/STM32F4xx_HAL_Driver/Src/stm32f4xx_hal_gpio.o
 .debug_macro   0x00000000000027d3      0x1d4 ./Drivers/STM32F4xx_HAL_Driver/Src/stm32f4xx_hal_rcc.o
 .debug_macro   0x00000000000029a7      0x1f2 ./Drivers/STM32F4xx_HAL_Driver/Src/stm32f4xx_ll_gpio.o
 .debug_macro   0x0000000000002b99      0x143 ./Drivers/STM32F4xx_HAL_Driver/Src/stm32f4xx_ll_gpio.o
 .debug_macro   0x0000000000002cdc      0x1dd ./Drivers/STM32F4xx_HAL_Driver/Src/stm32f4xx_ll_rcc.o
 .debug_macro   0x0000000000002eb9      0x77b ./Drivers/STM32F4xx_HAL_Driver/Src/stm32f4xx_ll_rcc.o
 .debug_macro   0x0000000000003634      0x21f ./Drivers/STM32F4xx_HAL_Driver/Src/stm32f4xx_ll_usart.o
 .debug_macro   0x0000000000003853      0x1b5 ./Drivers/STM32F4xx_HAL_Driver/Src/stm32f4xx_ll_usart.o

.debug_line     0x0000000000000000     0xb3cd
 .debug_line    0x0000000000000000      0xdf2 ./Bsp/bsp_uart/bsp_uart.o
 .debug_line    0x0000000000000df2      0x977 ./Core/Src/dma.o
 .debug_line    0x0000000000001769      0x8ac ./Core/Src/gpio.o
 .debug_line    0x0000000000002015      0xc24 ./Core/Src/main.o
 .debug_line    0x0000000000002c39      0x87e ./Core/Src/stm32f4xx_hal_msp.o
 .debug_line    0x00000000000034b7      0x9df ./Core/Src/stm32f4xx_it.o
 .debug_line    0x0000000000003e96      0x93d ./Core/Src/syscalls.o
 .debug_line    0x00000000000047d3      0x633 ./Core/Src/sysmem.o
 .debug_line    0x0000000000004e06      0x818 ./Core/Src/system_stm32f4xx.o
 .debug_line    0x000000000000561e      0xb05 ./Core/Src/usart.o
 .debug_line    0x0000000000006123       0x88 ./Core/Startup/startup_stm32f407zetx.o
 .debug_line    0x00000000000061ab      0xa7e ./Drivers/STM32F4xx_HAL_Driver/Src/stm32f4xx_hal.o
 .debug_line    0x0000000000006c29      0xd2d ./Drivers/STM32F4xx_HAL_Driver/Src/stm32f4xx_hal_cortex.o
 .debug_line    0x0000000000007956      0xbf2 ./Drivers/STM32F4xx_HAL_Driver/Src/stm32f4xx_hal_gpio.o
 .debug_line    0x0000000000008548      0xdfa ./Drivers/STM32F4xx_HAL_Driver/Src/stm32f4xx_hal_rcc.o
 .debug_line    0x0000000000009342      0xa67 ./Drivers/STM32F4xx_HAL_Driver/Src/stm32f4xx_ll_gpio.o
 .debug_line    0x0000000000009da9      0xc2f ./Drivers/STM32F4xx_HAL_Driver/Src/stm32f4xx_ll_rcc.o
 .debug_line    0x000000000000a9d8      0x9f5 ./Drivers/STM32F4xx_HAL_Driver/Src/stm32f4xx_ll_usart.o

.debug_str      0x0000000000000000    0xcc9e3
 .debug_str     0x0000000000000000    0xc8554 ./Bsp/bsp_uart/bsp_uart.o
                                      0xc8ac0 (size before relaxing)
 .debug_str     0x00000000000c8554      0x70b ./Core/Src/dma.o
                                      0xc4fae (size before relaxing)
 .debug_str     0x00000000000c8c5f       0xc2 ./Core/Src/gpio.o
                                      0xc4a0c (size before relaxing)
 .debug_str     0x00000000000c8d21      0x1fe ./Core/Src/main.o
                                      0xc8a75 (size before relaxing)
 .debug_str     0x00000000000c8f1f       0x2c ./Core/Src/stm32f4xx_hal_msp.o
                                      0xc4941 (size before relaxing)
 .debug_str     0x00000000000c8f4b       0xf3 ./Core/Src/stm32f4xx_it.o
                                      0xc499c (size before relaxing)
 .debug_str     0x00000000000c903e     0x1664 ./Core/Src/syscalls.o
                                       0x8a9e (size before relaxing)
 .debug_str     0x00000000000ca6a2       0x6b ./Core/Src/sysmem.o
                                       0x5dda (size before relaxing)
 .debug_str     0x00000000000ca70d       0x87 ./Core/Src/system_stm32f4xx.o
                                      0xbaa9f (size before relaxing)
 .debug_str     0x00000000000ca794      0x1e1 ./Core/Src/usart.o
                                      0xc5299 (size before relaxing)
 .debug_str     0x00000000000ca975       0x36 ./Core/Startup/startup_stm32f407zetx.o
                                         0x6f (size before relaxing)
 .debug_str     0x00000000000ca9ab      0x622 ./Drivers/STM32F4xx_HAL_Driver/Src/stm32f4xx_hal.o
                                      0xbb623 (size before relaxing)
 .debug_str     0x00000000000cafcd      0x2c5 ./Drivers/STM32F4xx_HAL_Driver/Src/stm32f4xx_hal_cortex.o
                                      0xbb356 (size before relaxing)
 .debug_str     0x00000000000cb292      0x131 ./Drivers/STM32F4xx_HAL_Driver/Src/stm32f4xx_hal_gpio.o
                                      0xbac1a (size before relaxing)
 .debug_str     0x00000000000cb3c3      0x233 ./Drivers/STM32F4xx_HAL_Driver/Src/stm32f4xx_hal_rcc.o
                                      0xbaed3 (size before relaxing)
 .debug_str     0x00000000000cb5f6      0x65f ./Drivers/STM32F4xx_HAL_Driver/Src/stm32f4xx_ll_gpio.o
                                      0xbc4a1 (size before relaxing)
 .debug_str     0x00000000000cbc55      0x55a ./Drivers/STM32F4xx_HAL_Driver/Src/stm32f4xx_ll_rcc.o
                                      0xbef93 (size before relaxing)